✔ [2/32] Built Zetesis.Core (303ms)
✔ [3/32] Built Zetesis.AggregateAssignment (394ms)
✔ [4/32] Built Zetesis.ExtremumCandidates (339ms)
✔ [5/32] Built Zetesis.Transformers (421ms)
✔ [6/32] Built Zetesis.Lifted (457ms)
✔ [7/32] Built Zetesis.Search (549ms)
✔ [8/32] Built Zetesis.Ferraris (511ms)
✔ [9/32] Built Zetesis.ClauseValidation (457ms)
✔ [10/32] Built Zetesis.Semantics (514ms)
✔ [11/32] Built Zetesis.Events (504ms)
✔ [12/32] Built Zetesis.FerrarisGuards (612ms)
✔ [13/32] Built Zetesis.FerrarisMask (660ms)
✔ [14/32] Built Zetesis.Optimization (635ms)
✔ [15/32] Built Zetesis.Feedback (688ms)
✔ [16/32] Built Zetesis.ObjectiveDirections (781ms)
✔ [17/32] Built Zetesis.Iteration (423ms)
✔ [18/32] Built Zetesis.LiftedBridge (449ms)
✔ [19/32] Built Zetesis.Bounds (448ms)
✔ [20/32] Built Zetesis.Examples (432ms)
✔ [21/32] Built Zetesis.CandidateCursor (880ms)
✔ [22/32] Built Zetesis.ObjectiveBounds (385ms)
✔ [23/32] Built Zetesis.RuleFactorization (433ms)
✔ [24/32] Built Zetesis.QueryCompaction (581ms)
✔ [25/32] Built Zetesis.DagSharing (551ms)
✔ [26/32] Built Zetesis.ChoiceIntervals (518ms)
✔ [27/32] Built Zetesis.Thresholds (379ms)
✔ [28/32] Built Zetesis.IndexedCandidates (436ms)
✔ [29/32] Built Zetesis.StrongNegation (418ms)
✔ [30/32] Built Zetesis.Propagation (775ms)
✔ [31/32] Built Zetesis (215ms)
Build completed successfully (32 jobs).
