✔ [2/74] Built Zetesis.EvaluationPrefix (345ms)
✔ [3/74] Built Zetesis.Core (1.2s)
✔ [4/74] Built Zetesis.AggregateAssignment (1.3s)
✔ [5/74] Built Zetesis.ExtremumCandidates (1.2s)
✔ [6/74] Built Zetesis.OptionalIndex (751ms)
✔ [7/74] Built Zetesis.BinaryWatch (736ms)
✔ [8/74] Built Zetesis.Transformers (782ms)
✔ [9/74] Built Zetesis.Lifted (822ms)
✔ [10/74] Built Zetesis.ClauseValidation (823ms)
✔ [11/74] Built Zetesis.Search (927ms)
✔ [12/74] Built Zetesis.Ferraris (884ms)
✔ [13/74] Built Zetesis.OrderedProbes (938ms)
✔ [14/74] Built Zetesis.Semantics (822ms)
✔ [15/74] Built Zetesis.Events (783ms)
✔ [16/74] Built Zetesis.LazyRounds (877ms)
✔ [17/74] Built Zetesis.FerrarisMask (1.1s)
✔ [18/74] Built Zetesis.Optimization (1.1s)
✔ [19/74] Built Zetesis.Feedback (1.1s)
✔ [20/74] Built Zetesis.AggregateDependencies (1.1s)
✔ [21/74] Built Zetesis.FerrarisGuards (1.1s)
✔ [22/74] Built Zetesis.FinitePools (1.2s)
✔ [23/74] Built Zetesis.FiniteValues (1.2s)
✔ [24/74] Built Zetesis.Examples (638ms)
✔ [25/74] Built Zetesis.BatchAccounting (1.3s)
✔ [26/74] Built Zetesis.LiftedBridge (700ms)
✔ [27/74] Built Zetesis.ObjectiveDirections (1.4s)
✔ [28/74] Built Zetesis.Bounds (673ms)
✔ [29/74] Built Zetesis.CandidateCursor (1.5s)
✔ [30/74] Built Zetesis.Iteration (596ms)
✔ [31/74] Built Zetesis.WorldMasks (588ms)
✔ [32/74] Built Zetesis.ObjectiveBounds (681ms)
✔ [33/74] Built Zetesis.AggregateConsumers (662ms)
✔ [34/74] Built Zetesis.DagSharing (899ms)
✔ [35/74] Built Zetesis.RuleFactorization (709ms)
✔ [36/74] Built Zetesis.Outcomes (513ms)
✔ [37/74] Built Zetesis.ScalarArithmetic (620ms)
✔ [38/74] Built Zetesis.PositiveArguments (641ms)
✔ [39/74] Built Zetesis.QueryCompaction (1.0s)
✔ [40/74] Built Zetesis.JoinFrames (471ms)
✔ [41/74] Built Zetesis.SignedObjectiveBounds (583ms)
✔ [42/74] Built Zetesis.NegativeHeads (575ms)
✔ [43/74] Built Zetesis.Thresholds (512ms)
✔ [44/74] Built Zetesis.TightPlans (643ms)
✔ [45/74] Built Zetesis.GateProjection (4.6s)
✔ [46/74] Built Zetesis.IndexedCandidates (580ms)
✔ [47/74] Built Zetesis.ChoiceIntervals (812ms)
✔ [48/74] Built Zetesis.SingletonHeads (406ms)
✔ [49/74] Built Zetesis.CertifiedExecution (461ms)
✔ [50/74] Built Zetesis.Propagation (1.0s)
✔ [51/74] Built Zetesis.OuterNegativeConsumers (952ms)
✔ [52/74] Built Zetesis.UniversalConditionals (1.1s)
✔ [53/74] Built Zetesis.CountHeads (1.1s)
✔ [54/74] Built Zetesis.AggregateBounds (1.0s)
✔ [55/74] Built Zetesis.OuterRanges (976ms)
✔ [56/74] Built Zetesis.AggregateReduct (1.0s)
✔ [57/74] Built Zetesis.GroundGuards (1.2s)
✔ [58/74] Built Zetesis.StructuralBindings (1.1s)
✔ [59/74] Built Zetesis.PartitionCapacities (1.1s)
✔ [60/74] Built Zetesis.StrongNegation (1.3s)
✔ [61/74] Built Zetesis.TightEvaluation (900ms)
✔ [62/74] Built Zetesis.ChoiceConsumers (560ms)
✔ [63/74] Built Zetesis.ConditionalConsumers (627ms)
✔ [64/74] Built Zetesis.ConsequentAlternatives (667ms)
✔ [65/74] Built Zetesis.CountEligibility (640ms)
✔ [66/74] Built Zetesis.FiniteBindings (649ms)
✔ [67/74] Built Zetesis.TrueHeads (674ms)
✔ [68/74] Built Zetesis.ConstructorPatterns (729ms)
✔ [69/74] Built Zetesis.ValueExtrema (923ms)
✔ [70/74] Built Zetesis.NegativeEligibility (383ms)
✔ [71/74] Built Zetesis.HeadMeasures (387ms)
✔ [72/74] Built Zetesis.StructuredWitnesses (396ms)
✔ [73/74] Built Zetesis (305ms)
Build completed successfully (74 jobs).
