Zetesis/FiniteBindings.lean:58:15: error: This simp argument is unused:
  and_assoc

Hint: Omit it from the simp argument list.
  [apply] simp only [and_left_comm, and_comm]

Note: This linter can be disabled with `set_option linter.unusedSimpArgs false`
Zetesis/FiniteBindings.lean:61:26: error: This simp argument is unused:
  and_left_comm

Hint: Omit it from the simp argument list.
  [apply] simp only [and_assoc, and_comm]

Note: This linter can be disabled with `set_option linter.unusedSimpArgs false`
Zetesis/FiniteBindings.lean:72:15: error: This simp argument is unused:
  and_assoc

Hint: Omit it from the simp argument list.
  [apply] simp only [and_left_comm, and_comm]

Note: This linter can be disabled with `set_option linter.unusedSimpArgs false`
Zetesis/FiniteBindings.lean:87:66: error: unsolved goals
range : Interval
bounds : List Bound
guard : Int → Bool
value : Int
⊢ guard value = true ∧ value ≤ (compile range bounds).upper ∧ (compile range bounds).lower ≤ value ↔
    guard value = true ∧ value ≤ range.upper ∧ range.lower ≤ value ∧ bounds.all (accepts value) = true
Zetesis/FiniteBindings.lean:88:42: error: This simp argument is unused:
  compiled_membership

Hint: Omit it from the simp argument list.
  [apply] simp only [candidates, List.mem_filter, mem_interval]

Note: This linter can be disabled with `set_option linter.unusedSimpArgs false`
Zetesis/FiniteBindings.lean:89:13: error: This simp argument is unused:
  and_assoc

Hint: Omit it from the simp argument list.
  [apply] simp only [and_left_comm, and_comm]

Note: This linter can be disabled with `set_option linter.unusedSimpArgs false`
Zetesis/FiniteBindings.lean:95:13: error: This simp argument is unused:
  and_assoc

Hint: Omit it from the simp argument list.
  [apply] simp only [and_left_comm, and_comm]

Note: This linter can be disabled with `set_option linter.unusedSimpArgs false`
