✔ [2/39] Built Zetesis.Core (338ms)
✔ [3/39] Built Zetesis.ExtremumCandidates (375ms)
✔ [4/39] Built Zetesis.AggregateAssignment (432ms)
✔ [5/39] Built Zetesis.Transformers (467ms)
✔ [6/39] Built Zetesis.Lifted (506ms)
✔ [7/39] Built Zetesis.ClauseValidation (506ms)
✔ [8/39] Built Zetesis.Search (601ms)
✔ [9/39] Built Zetesis.Ferraris (563ms)
✔ [10/39] Built Zetesis.Events (579ms)
✔ [11/39] Built Zetesis.Semantics (592ms)
✔ [12/39] Built Zetesis.FerrarisGuards (741ms)
✔ [13/39] Built Zetesis.FerrarisMask (778ms)
✔ [14/39] Built Zetesis.Optimization (761ms)
✔ [15/39] Built Zetesis.Feedback (834ms)
✔ [16/39] Built Zetesis.BatchAccounting (889ms)
✔ [17/39] Built Zetesis.Iteration (472ms)
✔ [18/39] Built Zetesis.LiftedBridge (505ms)
✔ [19/39] Built Zetesis.Bounds (498ms)
✔ [20/39] Built Zetesis.Examples (490ms)
✔ [21/39] Built Zetesis.CandidateCursor (1.0s)
✔ [22/39] Built Zetesis.ObjectiveDirections (936ms)
✔ [23/39] Built Zetesis.RuleFactorization (443ms)
✔ [24/39] Built Zetesis.ObjectiveBounds (415ms)
✔ [25/39] Built Zetesis.QueryCompaction (635ms)
✔ [26/39] Built Zetesis.DagSharing (608ms)
✔ [27/39] Built Zetesis.NegativeHeads (472ms)
✔ [28/39] Built Zetesis.SignedObjectiveBounds (533ms)
✔ [29/39] Built Zetesis.TightPlans (542ms)
✔ [30/39] Built Zetesis.Thresholds (414ms)
✔ [31/39] Built Zetesis.IndexedCandidates (475ms)
✔ [32/39] Built Zetesis.ChoiceIntervals (667ms)
✔ [33/39] Built Zetesis.Propagation (862ms)
✔ [34/39] Built Zetesis.GroundGuards (444ms)
✔ [35/39] Built Zetesis.UniversalConditionals (405ms)
✔ [36/39] Built Zetesis.StrongNegation (550ms)
✔ [37/39] Built Zetesis.FiniteBindings (308ms)
✔ [38/39] Built Zetesis (248ms)
Build completed successfully (39 jobs).
