✔ [2/56] Built Zetesis.Core (1.3s)
✔ [3/56] Built Zetesis.ExtremumCandidates (1.3s)
✔ [4/56] Built Zetesis.AggregateAssignment (1.4s)
✔ [5/56] Built Zetesis.ClauseValidation (580ms)
✔ [6/56] Built Zetesis.Transformers (486ms)
✔ [7/56] Built Zetesis.Lifted (562ms)
✔ [8/56] Built Zetesis.Ferraris (637ms)
✔ [9/56] Built Zetesis.OrderedProbes (682ms)
✔ [10/56] Built Zetesis.Search (696ms)
✔ [11/56] Built Zetesis.Events (819ms)
✔ [12/56] Built Zetesis.Semantics (850ms)
✔ [13/56] Built Zetesis.FerrarisGuards (956ms)
✔ [14/56] Built Zetesis.FerrarisMask (1.0s)
✔ [15/56] Built Zetesis.Optimization (1.0s)
✔ [16/56] Built Zetesis.Feedback (1.0s)
✔ [17/56] Built Zetesis.FinitePools (1.0s)
✔ [18/56] Built Zetesis.FiniteValues (1.1s)
✔ [19/56] Built Zetesis.ObjectiveDirections (1.3s)
✔ [20/56] Built Zetesis.BatchAccounting (1.3s)
✔ [21/56] Built Zetesis.CandidateCursor (1.4s)
✔ [22/56] Built Zetesis.Iteration (624ms)
✔ [23/56] Built Zetesis.LiftedBridge (649ms)
✔ [24/56] Built Zetesis.Bounds (685ms)
✔ [25/56] Built Zetesis.Examples (751ms)
✔ [26/56] Built Zetesis.RuleFactorization (711ms)
✔ [27/56] Built Zetesis.ObjectiveBounds (615ms)
✔ [28/56] Built Zetesis.AggregateConsumers (635ms)
✔ [29/56] Built Zetesis.Outcomes (522ms)
✔ [30/56] Built Zetesis.ScalarArithmetic (568ms)
✔ [31/56] Built Zetesis.PositiveArguments (695ms)
✔ [32/56] Built Zetesis.DagSharing (890ms)
✔ [33/56] Built Zetesis.QueryCompaction (927ms)
✔ [34/56] Built Zetesis.SignedObjectiveBounds (496ms)
✔ [35/56] Built Zetesis.NegativeHeads (485ms)
✔ [36/56] Built Zetesis.TightPlans (544ms)
✔ [37/56] Built Zetesis.Thresholds (455ms)
✔ [38/56] Built Zetesis.IndexedCandidates (523ms)
✔ [39/56] Built Zetesis.ChoiceIntervals (690ms)
✔ [40/56] Built Zetesis.SingletonHeads (355ms)
✔ [41/56] Built Zetesis.CertifiedExecution (370ms)
✔ [42/56] Built Zetesis.GateProjection (4.6s)
✔ [43/56] Built Zetesis.Propagation (921ms)
✔ [44/56] Built Zetesis.GroundGuards (569ms)
✔ [45/56] Built Zetesis.UniversalConditionals (534ms)
✔ [46/56] Built Zetesis.CountHeads (561ms)
✔ [47/56] Built Zetesis.StructuralBindings (534ms)
✔ [48/56] Built Zetesis.StrongNegation (691ms)
✔ [49/56] Built Zetesis.ConsequentAlternatives (474ms)
✔ [50/56] Built Zetesis.FiniteBindings (465ms)
✔ [51/56] Built Zetesis.TrueHeads (487ms)
✔ [52/56] Built Zetesis.ConstructorPatterns (532ms)
✔ [53/56] Built Zetesis.ValueExtrema (704ms)
✔ [54/56] Built Zetesis.StructuredWitnesses (339ms)
✔ [55/56] Built Zetesis (265ms)
Build completed successfully (56 jobs).
