✔ [2/70] Built Zetesis.EvaluationPrefix (338ms)
✔ [3/70] Built Zetesis.Core (474ms)
✔ [4/70] Built Zetesis.ExtremumCandidates (518ms)
✔ [5/70] Built Zetesis.AggregateAssignment (588ms)
✔ [6/70] Built Zetesis.OptionalIndex (677ms)
✔ [7/70] Built Zetesis.BinaryWatch (656ms)
✔ [8/70] Built Zetesis.ClauseValidation (736ms)
✔ [9/70] Built Zetesis.Transformers (683ms)
✔ [10/70] Built Zetesis.Lifted (723ms)
✔ [11/70] Built Zetesis.Search (852ms)
✔ [12/70] Built Zetesis.Ferraris (803ms)
✔ [13/70] Built Zetesis.OrderedProbes (808ms)
✔ [14/70] Built Zetesis.Semantics (1.1s)
✔ [15/70] Built Zetesis.Events (1.1s)
✔ [16/70] Built Zetesis.FerrarisGuards (1.1s)
✔ [17/70] Built Zetesis.LazyRounds (1.2s)
✔ [18/70] Built Zetesis.Optimization (1.3s)
✔ [19/70] Built Zetesis.Feedback (1.3s)
✔ [20/70] Built Zetesis.FinitePools (1.3s)
✔ [21/70] Built Zetesis.AggregateDependencies (1.3s)
✔ [22/70] Built Zetesis.FerrarisMask (1.4s)
✔ [23/70] Built Zetesis.BatchAccounting (1.4s)
✔ [24/70] Built Zetesis.FiniteValues (1.5s)
✔ [25/70] Built Zetesis.ObjectiveDirections (1.6s)
✔ [26/70] Built Zetesis.CandidateCursor (1.8s)
✔ [27/70] Built Zetesis.Iteration (694ms)
✔ [28/70] Built Zetesis.Examples (696ms)
✔ [29/70] Built Zetesis.LiftedBridge (788ms)
✔ [30/70] Built Zetesis.Bounds (745ms)
✔ [31/70] Built Zetesis.RuleFactorization (775ms)
✔ [32/70] Built Zetesis.ObjectiveBounds (710ms)
✔ [33/70] Built Zetesis.Outcomes (683ms)
✔ [34/70] Built Zetesis.WorldMasks (717ms)
✔ [35/70] Built Zetesis.PositiveArguments (610ms)
✔ [36/70] Built Zetesis.AggregateConsumers (655ms)
✔ [37/70] Built Zetesis.ScalarArithmetic (492ms)
✔ [38/70] Built Zetesis.QueryCompaction (985ms)
✔ [39/70] Built Zetesis.DagSharing (966ms)
✔ [40/70] Built Zetesis.JoinFrames (543ms)
✔ [41/70] Built Zetesis.SignedObjectiveBounds (614ms)
✔ [42/70] Built Zetesis.NegativeHeads (561ms)
✔ [43/70] Built Zetesis.Thresholds (455ms)
✔ [44/70] Built Zetesis.TightPlans (664ms)
✔ [45/70] Built Zetesis.IndexedCandidates (536ms)
✔ [46/70] Built Zetesis.ChoiceIntervals (814ms)
✔ [47/70] Built Zetesis.SingletonHeads (353ms)
✔ [48/70] Built Zetesis.CertifiedExecution (386ms)
✔ [49/70] Built Zetesis.GateProjection (4.4s)
✔ [50/70] Built Zetesis.Propagation (946ms)
✔ [51/70] Built Zetesis.UniversalConditionals (804ms)
✔ [52/70] Built Zetesis.StructuralBindings (804ms)
✔ [53/70] Built Zetesis.AggregateBounds (753ms)
✔ [54/70] Built Zetesis.OuterNegativeConsumers (753ms)
✔ [55/70] Built Zetesis.OuterRanges (744ms)
✔ [56/70] Built Zetesis.GroundGuards (845ms)
✔ [57/70] Built Zetesis.CountHeads (858ms)
✔ [58/70] Built Zetesis.StrongNegation (991ms)
✔ [59/70] Built Zetesis.TightEvaluation (707ms)
✔ [60/70] Built Zetesis.ChoiceConsumers (528ms)
✔ [61/70] Built Zetesis.FiniteBindings (586ms)
✔ [62/70] Built Zetesis.TrueHeads (609ms)
✔ [63/70] Built Zetesis.ConsequentAlternatives (574ms)
✔ [64/70] Built Zetesis.ConstructorPatterns (639ms)
✔ [65/70] Built Zetesis.CountEligibility (568ms)
✔ [66/70] Built Zetesis.ValueExtrema (841ms)
✔ [67/70] Built Zetesis.StructuredWitnesses (381ms)
✔ [68/70] Built Zetesis.NegativeEligibility (326ms)
✔ [69/70] Built Zetesis (285ms)
Build completed successfully (70 jobs).
