✔ [2/45] Built Zetesis.Core (310ms)
✔ [3/45] Built Zetesis.AggregateAssignment (397ms)
✔ [4/45] Built Zetesis.ExtremumCandidates (347ms)
✔ [5/45] Built Zetesis.Transformers (446ms)
✔ [6/45] Built Zetesis.Lifted (481ms)
✔ [7/45] Built Zetesis.Ferraris (540ms)
✔ [8/45] Built Zetesis.ClauseValidation (481ms)
✔ [9/45] Built Zetesis.Search (576ms)
✔ [10/45] Built Zetesis.Semantics (660ms)
✔ [11/45] Built Zetesis.Events (644ms)
✔ [12/45] Built Zetesis.FerrarisGuards (844ms)
✔ [13/45] Built Zetesis.FerrarisMask (913ms)
✔ [14/45] Built Zetesis.Optimization (871ms)
✔ [15/45] Built Zetesis.Feedback (941ms)
✔ [16/45] Built Zetesis.FinitePools (897ms)
✔ [17/45] Built Zetesis.Iteration (470ms)
✔ [18/45] Built Zetesis.LiftedBridge (495ms)
✔ [19/45] Built Zetesis.Bounds (485ms)
✔ [20/45] Built Zetesis.Examples (495ms)
✔ [21/45] Built Zetesis.ObjectiveDirections (1.0s)
✔ [22/45] Built Zetesis.BatchAccounting (964ms)
✔ [23/45] Built Zetesis.CandidateCursor (1.1s)
✔ [24/45] Built Zetesis.RuleFactorization (463ms)
✔ [25/45] Built Zetesis.ObjectiveBounds (436ms)
✔ [26/45] Built Zetesis.Outcomes (399ms)
✔ [27/45] Built Zetesis.QueryCompaction (635ms)
✔ [28/45] Built Zetesis.DagSharing (612ms)
✔ [29/45] Built Zetesis.SignedObjectiveBounds (515ms)
✔ [30/45] Built Zetesis.NegativeHeads (467ms)
✔ [31/45] Built Zetesis.TightPlans (528ms)
✔ [32/45] Built Zetesis.Thresholds (410ms)
✔ [33/45] Built Zetesis.IndexedCandidates (471ms)
✔ [34/45] Built Zetesis.ChoiceIntervals (653ms)
✔ [35/45] Built Zetesis.CertifiedExecution (308ms)
✔ [36/45] Built Zetesis.UniversalConditionals (416ms)
✔ [37/45] Built Zetesis.Propagation (862ms)
✔ [38/45] Built Zetesis.GroundGuards (452ms)
✔ [39/45] Built Zetesis.CountHeads (452ms)
✔ [40/45] Built Zetesis.StrongNegation (562ms)
✔ [41/45] Built Zetesis.FiniteBindings (367ms)
✔ [42/45] Built Zetesis.TrueHeads (387ms)
✔ [43/45] Built Zetesis.ValueExtrema (592ms)
✔ [44/45] Built Zetesis (229ms)
Build completed successfully (45 jobs).
