✔ [2/45] Built Zetesis.Core (430ms)
✔ [3/45] Built Zetesis.ExtremumCandidates (475ms)
✔ [4/45] Built Zetesis.AggregateAssignment (538ms)
✔ [5/45] Built Zetesis.Transformers (536ms)
✔ [6/45] Built Zetesis.Lifted (574ms)
✔ [7/45] Built Zetesis.Ferraris (629ms)
✔ [8/45] Built Zetesis.ClauseValidation (577ms)
✔ [9/45] Built Zetesis.Search (678ms)
✔ [10/45] Built Zetesis.Semantics (782ms)
✔ [11/45] Built Zetesis.Events (771ms)
✔ [12/45] Built Zetesis.FerrarisGuards (973ms)
✔ [13/45] Built Zetesis.FerrarisMask (964ms)
✔ [14/45] Built Zetesis.Optimization (947ms)
✔ [15/45] Built Zetesis.FinitePools (973ms)
✔ [16/45] Built Zetesis.Feedback (1.0s)
✔ [17/45] Built Zetesis.ObjectiveDirections (1.1s)
✔ [18/45] Built Zetesis.BatchAccounting (1.1s)
✔ [19/45] Built Zetesis.LiftedBridge (564ms)
✔ [20/45] Built Zetesis.CandidateCursor (1.3s)
✔ [21/45] Built Zetesis.Iteration (663ms)
✔ [22/45] Built Zetesis.Bounds (653ms)
✔ [23/45] Built Zetesis.Examples (656ms)
✔ [24/45] Built Zetesis.ObjectiveBounds (547ms)
✔ [25/45] Built Zetesis.RuleFactorization (569ms)
✔ [26/45] Built Zetesis.Outcomes (477ms)
✔ [27/45] Built Zetesis.QueryCompaction (767ms)
✔ [28/45] Built Zetesis.DagSharing (740ms)
✔ [29/45] Built Zetesis.SignedObjectiveBounds (530ms)
✔ [30/45] Built Zetesis.NegativeHeads (531ms)
✔ [31/45] Built Zetesis.TightPlans (621ms)
✔ [32/45] Built Zetesis.Thresholds (512ms)
✔ [33/45] Built Zetesis.ChoiceIntervals (749ms)
✔ [34/45] Built Zetesis.IndexedCandidates (581ms)
✔ [35/45] Built Zetesis.CertifiedExecution (418ms)
✔ [36/45] Built Zetesis.Propagation (993ms)
✔ [37/45] Built Zetesis.GroundGuards (591ms)
✔ [38/45] Built Zetesis.UniversalConditionals (551ms)
✔ [39/45] Built Zetesis.CountHeads (587ms)
✔ [40/45] Built Zetesis.StrongNegation (701ms)
✔ [41/45] Built Zetesis.FiniteBindings (498ms)
✔ [42/45] Built Zetesis.TrueHeads (518ms)
✔ [43/45] Built Zetesis.ValueExtrema (751ms)
✔ [44/45] Built Zetesis (318ms)
Build completed successfully (45 jobs).
