✔ [2/35] Built Zetesis.Core (317ms)
✔ [3/35] Built Zetesis.AggregateAssignment (405ms)
✔ [4/35] Built Zetesis.ExtremumCandidates (355ms)
✔ [5/35] Built Zetesis.Transformers (462ms)
✔ [6/35] Built Zetesis.Lifted (497ms)
✔ [7/35] Built Zetesis.ClauseValidation (497ms)
✔ [8/35] Built Zetesis.Search (597ms)
✔ [9/35] Built Zetesis.Ferraris (549ms)
✔ [10/35] Built Zetesis.Semantics (623ms)
✔ [11/35] Built Zetesis.Events (609ms)
✔ [12/35] Built Zetesis.FerrarisGuards (729ms)
✔ [13/35] Built Zetesis.FerrarisMask (798ms)
✔ [14/35] Built Zetesis.Optimization (774ms)
✔ [15/35] Built Zetesis.Feedback (842ms)
✔ [16/35] Built Zetesis.ObjectiveDirections (901ms)
✔ [17/35] Built Zetesis.BatchAccounting (921ms)
✔ [18/35] Built Zetesis.Iteration (457ms)
✔ [19/35] Built Zetesis.LiftedBridge (490ms)
✔ [20/35] Built Zetesis.Bounds (486ms)
✔ [21/35] Built Zetesis.Examples (486ms)
✔ [22/35] Built Zetesis.CandidateCursor (1.0s)
✔ [23/35] Built Zetesis.RuleFactorization (442ms)
✔ [24/35] Built Zetesis.ObjectiveBounds (397ms)
✔ [25/35] Built Zetesis.DagSharing (567ms)
✔ [26/35] Built Zetesis.QueryCompaction (593ms)
✔ [27/35] Built Zetesis.SignedObjectiveBounds (425ms)
✔ [28/35] Built Zetesis.Thresholds (386ms)
✔ [29/35] Built Zetesis.ChoiceIntervals (574ms)
✔ [30/35] Built Zetesis.IndexedCandidates (444ms)
✔ [31/35] Built Zetesis.GroundGuards (394ms)
✔ [32/35] Built Zetesis.StrongNegation (498ms)
✔ [33/35] Built Zetesis.Propagation (803ms)
✔ [34/35] Built Zetesis (230ms)
Build completed successfully (35 jobs).
