✔ [2/44] Built Zetesis.Core (368ms)
✔ [3/44] Built Zetesis.ExtremumCandidates (393ms)
✔ [4/44] Built Zetesis.AggregateAssignment (437ms)
✔ [5/44] Built Zetesis.Transformers (454ms)
✔ [6/44] Built Zetesis.Lifted (493ms)
✔ [7/44] Built Zetesis.Ferraris (553ms)
✔ [8/44] Built Zetesis.ClauseValidation (492ms)
✔ [9/44] Built Zetesis.Search (593ms)
✔ [10/44] Built Zetesis.Semantics (591ms)
✔ [11/44] Built Zetesis.Events (575ms)
✔ [12/44] Built Zetesis.FerrarisGuards (865ms)
✔ [13/44] Built Zetesis.FerrarisMask (907ms)
✔ [14/44] Built Zetesis.Optimization (878ms)
✔ [15/44] Built Zetesis.FinitePools (938ms)
✔ [16/44] Built Zetesis.Iteration (569ms)
✔ [17/44] Built Zetesis.Feedback (995ms)
✔ [18/44] Built Zetesis.BatchAccounting (977ms)
✔ [19/44] Built Zetesis.LiftedBridge (623ms)
✔ [20/44] Built Zetesis.Bounds (599ms)
✔ [21/44] Built Zetesis.Examples (579ms)
✔ [22/44] Built Zetesis.CandidateCursor (1.1s)
✔ [23/44] Built Zetesis.ObjectiveDirections (1.1s)
✔ [24/44] Built Zetesis.RuleFactorization (439ms)
✔ [25/44] Built Zetesis.ObjectiveBounds (405ms)
✔ [26/44] Built Zetesis.DagSharing (576ms)
✔ [27/44] Built Zetesis.QueryCompaction (607ms)
✔ [28/44] Built Zetesis.SignedObjectiveBounds (471ms)
✔ [29/44] Built Zetesis.NegativeHeads (450ms)
✔ [30/44] Built Zetesis.TightPlans (517ms)
✔ [31/44] Built Zetesis.Thresholds (428ms)
✔ [32/44] Built Zetesis.IndexedCandidates (490ms)
✔ [33/44] Built Zetesis.ChoiceIntervals (654ms)
✔ [34/44] Built Zetesis.CertifiedExecution (318ms)
✔ [35/44] Built Zetesis.Propagation (877ms)
✔ [36/44] Built Zetesis.GroundGuards (463ms)
✔ [37/44] Built Zetesis.UniversalConditionals (432ms)
✔ [38/44] Built Zetesis.CountHeads (463ms)
✔ [39/44] Built Zetesis.StrongNegation (583ms)
✔ [40/44] Built Zetesis.FiniteBindings (378ms)
✔ [41/44] Built Zetesis.TrueHeads (396ms)
✔ [42/44] Built Zetesis.ValueExtrema (611ms)
✔ [43/44] Built Zetesis (246ms)
Build completed successfully (44 jobs).
