✔ [2/53] Built Zetesis.Core (1.2s)
✔ [3/53] Built Zetesis.AggregateAssignment (1.4s)
✔ [4/53] Built Zetesis.ExtremumCandidates (1.3s)
✔ [5/53] Built Zetesis.Transformers (470ms)
✔ [6/53] Built Zetesis.Lifted (523ms)
✔ [7/53] Built Zetesis.ClauseValidation (552ms)
✔ [8/53] Built Zetesis.Search (664ms)
✔ [9/53] Built Zetesis.Ferraris (613ms)
✔ [10/53] Built Zetesis.Semantics (732ms)
✔ [11/53] Built Zetesis.Events (716ms)
✔ [12/53] Built Zetesis.FerrarisGuards (840ms)
✔ [13/53] Built Zetesis.FerrarisMask (916ms)
✔ [14/53] Built Zetesis.Optimization (910ms)
✔ [15/53] Built Zetesis.FinitePools (942ms)
✔ [16/53] Built Zetesis.BatchAccounting (1.1s)
✔ [17/53] Built Zetesis.FiniteValues (1.0s)
✔ [18/53] Built Zetesis.CandidateCursor (1.2s)
✔ [19/53] Built Zetesis.Feedback (1.2s)
✔ [20/53] Built Zetesis.ObjectiveDirections (1.2s)
✔ [21/53] Built Zetesis.LiftedBridge (678ms)
✔ [22/53] Built Zetesis.Bounds (686ms)
✔ [23/53] Built Zetesis.Examples (740ms)
✔ [24/53] Built Zetesis.Iteration (758ms)
✔ [25/53] Built Zetesis.RuleFactorization (683ms)
✔ [26/53] Built Zetesis.ObjectiveBounds (612ms)
✔ [27/53] Built Zetesis.PositiveArguments (530ms)
✔ [28/53] Built Zetesis.Outcomes (456ms)
✔ [29/53] Built Zetesis.ScalarArithmetic (551ms)
✔ [30/53] Built Zetesis.QueryCompaction (862ms)
✔ [31/53] Built Zetesis.DagSharing (829ms)
✔ [32/53] Built Zetesis.NegativeHeads (513ms)
✔ [33/53] Built Zetesis.SignedObjectiveBounds (578ms)
✔ [34/53] Built Zetesis.TightPlans (595ms)
✔ [35/53] Built Zetesis.Thresholds (456ms)
✔ [36/53] Built Zetesis.ChoiceIntervals (746ms)
✔ [37/53] Built Zetesis.IndexedCandidates (521ms)
✔ [38/53] Built Zetesis.SingletonHeads (354ms)
✔ [39/53] Built Zetesis.CertifiedExecution (374ms)
✔ [40/53] Built Zetesis.GateProjection (4.5s)
✔ [41/53] Built Zetesis.Propagation (957ms)
✔ [42/53] Built Zetesis.UniversalConditionals (523ms)
✔ [43/53] Built Zetesis.StructuralBindings (529ms)
✔ [44/53] Built Zetesis.GroundGuards (563ms)
✔ [45/53] Built Zetesis.CountHeads (563ms)
✔ [46/53] Built Zetesis.StrongNegation (677ms)
✔ [47/53] Built Zetesis.FiniteBindings (471ms)
✔ [48/53] Built Zetesis.TrueHeads (494ms)
✔ [49/53] Built Zetesis.ConsequentAlternatives (463ms)
✔ [50/53] Built Zetesis.ConstructorPatterns (519ms)
✔ [51/53] Built Zetesis.ValueExtrema (717ms)
✔ [52/53] Built Zetesis (280ms)
Build completed successfully (53 jobs).
