Zetesis/AggregateAssignment.lean
Zetesis/BatchAccounting.lean
Zetesis/Bounds.lean
Zetesis/CandidateCursor.lean
Zetesis/CertifiedExecution.lean
Zetesis/ChoiceIntervals.lean
Zetesis/ClauseValidation.lean
Zetesis/ConsequentAlternatives.lean
Zetesis/ConstructorPatterns.lean
Zetesis/Core.lean
Zetesis/CountHeads.lean
Zetesis/DagSharing.lean
Zetesis/Events.lean
Zetesis/Examples.lean
Zetesis/ExtremumCandidates.lean
Zetesis/Feedback.lean
Zetesis/Ferraris.lean
Zetesis/FerrarisGuards.lean
Zetesis/FerrarisMask.lean
Zetesis/FiniteBindings.lean
Zetesis/FinitePools.lean
Zetesis/FiniteValues.lean
Zetesis/GateProjection.lean
Zetesis/GroundGuards.lean
Zetesis/IndexedCandidates.lean
Zetesis/Iteration.lean
Zetesis/Lifted.lean
Zetesis/LiftedBridge.lean
Zetesis/NegativeHeads.lean
Zetesis/ObjectiveBounds.lean
Zetesis/ObjectiveDirections.lean
Zetesis/Optimization.lean
Zetesis/Outcomes.lean
Zetesis/PositiveArguments.lean
Zetesis/Propagation.lean
Zetesis/QueryCompaction.lean
Zetesis/RuleFactorization.lean
Zetesis/ScalarArithmetic.lean
Zetesis/Search.lean
Zetesis/Semantics.lean
Zetesis/SignedObjectiveBounds.lean
Zetesis/SingletonHeads.lean
Zetesis/StrongNegation.lean
Zetesis/StructuralBindings.lean
Zetesis/Thresholds.lean
Zetesis/TightPlans.lean
Zetesis/Transformers.lean
Zetesis/TrueHeads.lean
Zetesis/UniversalConditionals.lean
Zetesis/ValueExtrema.lean
