✔ [2/71] Built Zetesis.EvaluationPrefix (345ms)
✔ [3/71] Built Zetesis.Core (723ms)
✔ [4/71] Built Zetesis.ExtremumCandidates (771ms)
✔ [5/71] Built Zetesis.AggregateAssignment (867ms)
✔ [6/71] Built Zetesis.Transformers (767ms)
✔ [7/71] Built Zetesis.Lifted (801ms)
✔ [8/71] Built Zetesis.ClauseValidation (822ms)
✔ [9/71] Built Zetesis.OptionalIndex (748ms)
✔ [10/71] Built Zetesis.BinaryWatch (734ms)
✔ [11/71] Built Zetesis.Search (928ms)
✔ [12/71] Built Zetesis.Ferraris (875ms)
✔ [13/71] Built Zetesis.OrderedProbes (853ms)
✔ [14/71] Built Zetesis.Semantics (931ms)
✔ [15/71] Built Zetesis.Events (913ms)
✔ [16/71] Built Zetesis.LazyRounds (990ms)
✔ [17/71] Built Zetesis.FerrarisGuards (1.2s)
✔ [18/71] Built Zetesis.Feedback (1.2s)
✔ [19/71] Built Zetesis.AggregateDependencies (1.1s)
✔ [20/71] Built Zetesis.Optimization (1.3s)
✔ [21/71] Built Zetesis.BatchAccounting (1.3s)
✔ [22/71] Built Zetesis.FinitePools (1.2s)
✔ [23/71] Built Zetesis.FiniteValues (1.2s)
✔ [24/71] Built Zetesis.FerrarisMask (1.4s)
✔ [25/71] Built Zetesis.LiftedBridge (751ms)
✔ [26/71] Built Zetesis.Examples (730ms)
✔ [27/71] Built Zetesis.CandidateCursor (1.5s)
✔ [28/71] Built Zetesis.ObjectiveDirections (1.5s)
✔ [29/71] Built Zetesis.Iteration (580ms)
✔ [30/71] Built Zetesis.Bounds (713ms)
✔ [31/71] Built Zetesis.ObjectiveBounds (645ms)
✔ [32/71] Built Zetesis.WorldMasks (739ms)
✔ [33/71] Built Zetesis.RuleFactorization (763ms)
✔ [34/71] Built Zetesis.Outcomes (660ms)
✔ [35/71] Built Zetesis.ScalarArithmetic (756ms)
✔ [36/71] Built Zetesis.PositiveArguments (769ms)
✔ [37/71] Built Zetesis.AggregateConsumers (740ms)
✔ [38/71] Built Zetesis.DagSharing (807ms)
✔ [39/71] Built Zetesis.QueryCompaction (848ms)
✔ [40/71] Built Zetesis.SignedObjectiveBounds (622ms)
✔ [41/71] Built Zetesis.NegativeHeads (540ms)
✔ [42/71] Built Zetesis.JoinFrames (550ms)
✔ [43/71] Built Zetesis.TightPlans (622ms)
✔ [44/71] Built Zetesis.ChoiceIntervals (799ms)
✔ [45/71] Built Zetesis.Thresholds (556ms)
✔ [46/71] Built Zetesis.IndexedCandidates (654ms)
✔ [47/71] Built Zetesis.SingletonHeads (526ms)
✔ [48/71] Built Zetesis.CertifiedExecution (507ms)
✔ [49/71] Built Zetesis.GateProjection (4.8s)
✔ [50/71] Built Zetesis.Propagation (1.1s)
✔ [51/71] Built Zetesis.AggregateBounds (765ms)
✔ [52/71] Built Zetesis.OuterNegativeConsumers (772ms)
✔ [53/71] Built Zetesis.OuterRanges (804ms)
✔ [54/71] Built Zetesis.GroundGuards (868ms)
✔ [55/71] Built Zetesis.UniversalConditionals (836ms)
✔ [56/71] Built Zetesis.CountHeads (869ms)
✔ [57/71] Built Zetesis.StructuralBindings (858ms)
✔ [58/71] Built Zetesis.StrongNegation (1.0s)
✔ [59/71] Built Zetesis.TightEvaluation (682ms)
✔ [60/71] Built Zetesis.ChoiceConsumers (503ms)
✔ [61/71] Built Zetesis.ConditionalConsumers (611ms)
✔ [62/71] Built Zetesis.FiniteBindings (673ms)
✔ [63/71] Built Zetesis.ConsequentAlternatives (651ms)
✔ [64/71] Built Zetesis.CountEligibility (667ms)
✔ [65/71] Built Zetesis.TrueHeads (703ms)
✔ [66/71] Built Zetesis.ConstructorPatterns (736ms)
✔ [67/71] Built Zetesis.ValueExtrema (968ms)
✔ [68/71] Built Zetesis.StructuredWitnesses (411ms)
✔ [69/71] Built Zetesis.NegativeEligibility (357ms)
✔ [70/71] Built Zetesis (326ms)
Build completed successfully (71 jobs).
