✔ [2/72] Built Zetesis.EvaluationPrefix (374ms)
✔ [3/72] Built Zetesis.Core (628ms)
✔ [4/72] Built Zetesis.ExtremumCandidates (668ms)
✔ [5/72] Built Zetesis.AggregateAssignment (739ms)
✔ [6/72] Built Zetesis.OptionalIndex (643ms)
✔ [7/72] Built Zetesis.BinaryWatch (635ms)
✔ [8/72] Built Zetesis.Lifted (724ms)
✔ [9/72] Built Zetesis.Ferraris (759ms)
✔ [10/72] Built Zetesis.ClauseValidation (724ms)
✔ [11/72] Built Zetesis.OrderedProbes (809ms)
✔ [12/72] Built Zetesis.Search (812ms)
✔ [13/72] Built Zetesis.Transformers (512ms)
✔ [14/72] Built Zetesis.FerrarisMask (1.1s)
✔ [15/72] Built Zetesis.Optimization (1.1s)
✔ [16/72] Built Zetesis.Feedback (1.1s)
✔ [17/72] Built Zetesis.FinitePools (1.1s)
✔ [18/72] Built Zetesis.FerrarisGuards (1.2s)
✔ [19/72] Built Zetesis.FiniteValues (1.2s)
✔ [20/72] Built Zetesis.AggregateDependencies (1.2s)
✔ [21/72] Built Zetesis.BatchAccounting (1.4s)
✔ [22/72] Built Zetesis.Semantics (1.1s)
✔ [23/72] Built Zetesis.Events (1.1s)
✔ [24/72] Built Zetesis.CandidateCursor (1.4s)
✔ [25/72] Built Zetesis.ObjectiveDirections (1.4s)
✔ [26/72] Built Zetesis.LazyRounds (1.1s)
✔ [27/72] Built Zetesis.ObjectiveBounds (901ms)
✔ [28/72] Built Zetesis.PositiveArguments (1.0s)
✔ [29/72] Built Zetesis.ScalarArithmetic (1.1s)
✔ [30/72] Built Zetesis.AggregateConsumers (1.0s)
✔ [31/72] Built Zetesis.Examples (957ms)
✔ [32/72] Built Zetesis.QueryCompaction (1.3s)
✔ [33/72] Built Zetesis.DagSharing (1.2s)
✔ [34/72] Built Zetesis.RuleFactorization (1.1s)
✔ [35/72] Built Zetesis.Iteration (963ms)
✔ [36/72] Built Zetesis.LiftedBridge (1.0s)
✔ [37/72] Built Zetesis.Bounds (1.0s)
✔ [38/72] Built Zetesis.Outcomes (1.1s)
✔ [39/72] Built Zetesis.WorldMasks (1.1s)
✔ [40/72] Built Zetesis.SignedObjectiveBounds (583ms)
✔ [41/72] Built Zetesis.NegativeHeads (672ms)
✔ [42/72] Built Zetesis.Thresholds (703ms)
✔ [43/72] Built Zetesis.TightPlans (769ms)
✔ [44/72] Built Zetesis.JoinFrames (615ms)
✔ [45/72] Built Zetesis.IndexedCandidates (795ms)
✔ [46/72] Built Zetesis.ChoiceIntervals (959ms)
✔ [47/72] Built Zetesis.SingletonHeads (432ms)
✔ [48/72] Built Zetesis.GateProjection (4.9s)
✔ [49/72] Built Zetesis.CertifiedExecution (448ms)
✔ [50/72] Built Zetesis.Propagation (1.3s)
✔ [51/72] Built Zetesis.AggregateBounds (740ms)
✔ [52/72] Built Zetesis.OuterNegativeConsumers (732ms)
✔ [53/72] Built Zetesis.OuterRanges (750ms)
✔ [54/72] Built Zetesis.GroundGuards (862ms)
✔ [55/72] Built Zetesis.UniversalConditionals (839ms)
✔ [56/72] Built Zetesis.CountHeads (881ms)
✔ [57/72] Built Zetesis.StructuralBindings (825ms)
✔ [58/72] Built Zetesis.StrongNegation (1.0s)
✔ [59/72] Built Zetesis.TightEvaluation (743ms)
✔ [60/72] Built Zetesis.ChoiceConsumers (523ms)
✔ [61/72] Built Zetesis.FiniteBindings (687ms)
✔ [62/72] Built Zetesis.ConsequentAlternatives (680ms)
✔ [63/72] Built Zetesis.CountEligibility (656ms)
✔ [64/72] Built Zetesis.ConditionalConsumers (637ms)
✔ [65/72] Built Zetesis.TrueHeads (706ms)
✔ [66/72] Built Zetesis.ConstructorPatterns (764ms)
✔ [67/72] Built Zetesis.ValueExtrema (960ms)
✔ [68/72] Built Zetesis.StructuredWitnesses (431ms)
✔ [69/72] Built Zetesis.NegativeEligibility (396ms)
✔ [70/72] Built Zetesis.HeadMeasures (398ms)
✔ [71/72] Built Zetesis (307ms)
Build completed successfully (72 jobs).
