✔ [2/44] Built Zetesis.Core (450ms)
✔ [3/44] Built Zetesis.ExtremumCandidates (485ms)
✔ [4/44] Built Zetesis.AggregateAssignment (549ms)
✔ [5/44] Built Zetesis.Transformers (564ms)
✔ [6/44] Built Zetesis.Lifted (564ms)
✔ [7/44] Built Zetesis.ClauseValidation (564ms)
✔ [8/44] Built Zetesis.Search (663ms)
✔ [9/44] Built Zetesis.Ferraris (623ms)
✔ [10/44] Built Zetesis.Events (807ms)
✔ [11/44] Built Zetesis.Semantics (821ms)
✔ [12/44] Built Zetesis.FerrarisGuards (917ms)
✔ [13/44] Built Zetesis.FerrarisMask (950ms)
✔ [14/44] Built Zetesis.Optimization (1.0s)
✔ [15/44] Built Zetesis.Feedback (998ms)
✔ [16/44] Built Zetesis.BatchAccounting (1.1s)
✔ [17/44] Built Zetesis.FinitePools (964ms)
✔ [18/44] Built Zetesis.Iteration (611ms)
✔ [19/44] Built Zetesis.LiftedBridge (589ms)
✔ [20/44] Built Zetesis.Bounds (581ms)
✔ [21/44] Built Zetesis.Examples (575ms)
✔ [22/44] Built Zetesis.CandidateCursor (1.4s)
✔ [23/44] Built Zetesis.ObjectiveDirections (1.3s)
✔ [24/44] Built Zetesis.RuleFactorization (595ms)
✔ [25/44] Built Zetesis.ObjectiveBounds (485ms)
✔ [26/44] Built Zetesis.QueryCompaction (761ms)
✔ [27/44] Built Zetesis.DagSharing (751ms)
✔ [28/44] Built Zetesis.SignedObjectiveBounds (623ms)
✔ [29/44] Built Zetesis.NegativeHeads (571ms)
✔ [30/44] Built Zetesis.Thresholds (529ms)
✔ [31/44] Built Zetesis.TightPlans (642ms)
✔ [32/44] Built Zetesis.IndexedCandidates (590ms)
✔ [33/44] Built Zetesis.ChoiceIntervals (795ms)
✔ [34/44] Built Zetesis.CertifiedExecution (393ms)
✔ [35/44] Built Zetesis.Propagation (994ms)
✔ [36/44] Built Zetesis.GroundGuards (540ms)
✔ [37/44] Built Zetesis.UniversalConditionals (502ms)
✔ [38/44] Built Zetesis.CountHeads (532ms)
✔ [39/44] Built Zetesis.StrongNegation (676ms)
✔ [40/44] Built Zetesis.FiniteBindings (447ms)
✔ [41/44] Built Zetesis.TrueHeads (470ms)
✔ [42/44] Built Zetesis.ValueExtrema (701ms)
✔ [43/44] Built Zetesis (315ms)
Build completed successfully (44 jobs).
