✔ [2/67] Built Zetesis.EvaluationPrefix (323ms)
✔ [3/67] Built Zetesis.Core (1.3s)
✔ [4/67] Built Zetesis.AggregateAssignment (1.4s)
✔ [5/67] Built Zetesis.ExtremumCandidates (1.3s)
✔ [6/67] Built Zetesis.OptionalIndex (637ms)
✔ [7/67] Built Zetesis.Transformers (617ms)
✔ [8/67] Built Zetesis.Lifted (733ms)
✔ [9/67] Built Zetesis.ClauseValidation (727ms)
✔ [10/67] Built Zetesis.OrderedProbes (750ms)
✔ [11/67] Built Zetesis.Ferraris (790ms)
✔ [12/67] Built Zetesis.Search (853ms)
✔ [13/67] Built Zetesis.Semantics (917ms)
✔ [14/67] Built Zetesis.Events (879ms)
✔ [15/67] Built Zetesis.LazyRounds (926ms)
✔ [16/67] Built Zetesis.FerrarisGuards (1.1s)
✔ [17/67] Built Zetesis.FerrarisMask (1.0s)
✔ [18/67] Built Zetesis.Optimization (1.1s)
✔ [19/67] Built Zetesis.FinitePools (1.1s)
✔ [20/67] Built Zetesis.FiniteValues (1.1s)
✔ [21/67] Built Zetesis.Feedback (1.2s)
✔ [22/67] Built Zetesis.BatchAccounting (1.3s)
✔ [23/67] Built Zetesis.ObjectiveDirections (1.4s)
✔ [24/67] Built Zetesis.LiftedBridge (764ms)
✔ [25/67] Built Zetesis.CandidateCursor (1.6s)
✔ [26/67] Built Zetesis.Iteration (849ms)
✔ [27/67] Built Zetesis.Bounds (910ms)
✔ [28/67] Built Zetesis.Examples (921ms)
✔ [29/67] Built Zetesis.PositiveArguments (866ms)
✔ [30/67] Built Zetesis.WorldMasks (834ms)
✔ [31/67] Built Zetesis.RuleFactorization (779ms)
✔ [32/67] Built Zetesis.ObjectiveBounds (622ms)
✔ [33/67] Built Zetesis.AggregateConsumers (932ms)
✔ [34/67] Built Zetesis.Outcomes (475ms)
✔ [35/67] Built Zetesis.ScalarArithmetic (907ms)
✔ [36/67] Built Zetesis.QueryCompaction (1.2s)
✔ [37/67] Built Zetesis.DagSharing (1.2s)
✔ [38/67] Built Zetesis.JoinFrames (392ms)
✔ [39/67] Built Zetesis.SignedObjectiveBounds (567ms)
✔ [40/67] Built Zetesis.NegativeHeads (521ms)
✔ [41/67] Built Zetesis.Thresholds (451ms)
✔ [42/67] Built Zetesis.TightPlans (594ms)
✔ [43/67] Built Zetesis.GateProjection (4.7s)
✔ [44/67] Built Zetesis.IndexedCandidates (542ms)
✔ [45/67] Built Zetesis.ChoiceIntervals (790ms)
✔ [46/67] Built Zetesis.SingletonHeads (358ms)
✔ [47/67] Built Zetesis.CertifiedExecution (391ms)
✔ [48/67] Built Zetesis.Propagation (944ms)
✔ [49/67] Built Zetesis.AggregateBounds (706ms)
✔ [50/67] Built Zetesis.OuterNegativeConsumers (706ms)
✔ [51/67] Built Zetesis.GroundGuards (814ms)
✔ [52/67] Built Zetesis.UniversalConditionals (803ms)
✔ [53/67] Built Zetesis.StructuralBindings (795ms)
✔ [54/67] Built Zetesis.OuterRanges (744ms)
✔ [55/67] Built Zetesis.CountHeads (859ms)
✔ [56/67] Built Zetesis.StrongNegation (976ms)
✔ [57/67] Built Zetesis.ChoiceConsumers (432ms)
✔ [58/67] Built Zetesis.FiniteBindings (579ms)
✔ [59/67] Built Zetesis.TrueHeads (618ms)
✔ [60/67] Built Zetesis.ConsequentAlternatives (612ms)
✔ [61/67] Built Zetesis.ConstructorPatterns (659ms)
✔ [62/67] Built Zetesis.CountEligibility (556ms)
✔ [63/67] Built Zetesis.ValueExtrema (852ms)
✔ [64/67] Built Zetesis.NegativeEligibility (395ms)
✔ [65/67] Built Zetesis.StructuredWitnesses (418ms)
✔ [66/67] Built Zetesis (322ms)
Build completed successfully (67 jobs).
