✔ [2/48] Built Zetesis.Core (1.1s)
✔ [3/48] Built Zetesis.ExtremumCandidates (1.2s)
✔ [4/48] Built Zetesis.AggregateAssignment (1.2s)
✔ [5/48] Built Zetesis.Transformers (481ms)
✔ [6/48] Built Zetesis.Lifted (520ms)
✔ [7/48] Built Zetesis.Search (618ms)
✔ [8/48] Built Zetesis.Ferraris (580ms)
✔ [9/48] Built Zetesis.ClauseValidation (520ms)
✔ [10/48] Built Zetesis.Semantics (631ms)
✔ [11/48] Built Zetesis.Events (632ms)
✔ [12/48] Built Zetesis.FerrarisGuards (1.1s)
✔ [13/48] Built Zetesis.Optimization (1.1s)
✔ [14/48] Built Zetesis.FerrarisMask (1.1s)
✔ [15/48] Built Zetesis.Feedback (1.1s)
✔ [16/48] Built Zetesis.BatchAccounting (1.2s)
✔ [17/48] Built Zetesis.FinitePools (1.1s)
✔ [18/48] Built Zetesis.FiniteValues (1.1s)
✔ [19/48] Built Zetesis.Iteration (724ms)
✔ [20/48] Built Zetesis.LiftedBridge (768ms)
✔ [21/48] Built Zetesis.Bounds (729ms)
✔ [22/48] Built Zetesis.Examples (700ms)
✔ [23/48] Built Zetesis.ObjectiveDirections (1.3s)
✔ [24/48] Built Zetesis.CandidateCursor (1.3s)
✔ [25/48] Built Zetesis.RuleFactorization (491ms)
✔ [26/48] Built Zetesis.ObjectiveBounds (427ms)
✔ [27/48] Built Zetesis.Outcomes (402ms)
✔ [28/48] Built Zetesis.DagSharing (630ms)
✔ [29/48] Built Zetesis.QueryCompaction (665ms)
✔ [30/48] Built Zetesis.SignedObjectiveBounds (479ms)
✔ [31/48] Built Zetesis.NegativeHeads (460ms)
✔ [32/48] Built Zetesis.TightPlans (526ms)
✔ [33/48] Built Zetesis.Thresholds (444ms)
✔ [34/48] Built Zetesis.IndexedCandidates (499ms)
✔ [35/48] Built Zetesis.ChoiceIntervals (664ms)
✔ [36/48] Built Zetesis.CertifiedExecution (339ms)
✔ [37/48] Built Zetesis.Propagation (887ms)
✔ [38/48] Built Zetesis.GroundGuards (549ms)
✔ [39/48] Built Zetesis.UniversalConditionals (511ms)
✔ [40/48] Built Zetesis.CountHeads (538ms)
✔ [41/48] Built Zetesis.StructuralBindings (519ms)
✔ [42/48] Built Zetesis.StrongNegation (662ms)
✔ [43/48] Built Zetesis.FiniteBindings (394ms)
✔ [44/48] Built Zetesis.TrueHeads (413ms)
✔ [45/48] Built Zetesis.ConsequentAlternatives (371ms)
✔ [46/48] Built Zetesis.ValueExtrema (626ms)
✔ [47/48] Built Zetesis (246ms)
Build completed successfully (48 jobs).
