✔ [2/69] Built Zetesis.EvaluationPrefix (301ms)
✔ [3/69] Built Zetesis.Core (1.0s)
✔ [4/69] Built Zetesis.AggregateAssignment (1.1s)
✔ [5/69] Built Zetesis.ExtremumCandidates (1.1s)
✔ [6/69] Built Zetesis.ClauseValidation (655ms)
✔ [7/69] Built Zetesis.OptionalIndex (594ms)
✔ [8/69] Built Zetesis.BinaryWatch (586ms)
✔ [9/69] Built Zetesis.Lifted (605ms)
✔ [10/69] Built Zetesis.Search (751ms)
✔ [11/69] Built Zetesis.Ferraris (702ms)
✔ [12/69] Built Zetesis.OrderedProbes (724ms)
✔ [13/69] Built Zetesis.Transformers (384ms)
✔ [14/69] Built Zetesis.FerrarisGuards (1.1s)
✔ [15/69] Built Zetesis.FerrarisMask (1.1s)
✔ [16/69] Built Zetesis.Optimization (1.1s)
✔ [17/69] Built Zetesis.AggregateDependencies (1.0s)
✔ [18/69] Built Zetesis.Events (972ms)
✔ [19/69] Built Zetesis.Feedback (1.2s)
✔ [20/69] Built Zetesis.FinitePools (1.1s)
✔ [21/69] Built Zetesis.FiniteValues (1.2s)
✔ [22/69] Built Zetesis.LazyRounds (1.0s)
✔ [23/69] Built Zetesis.Semantics (1.1s)
✔ [24/69] Built Zetesis.ObjectiveDirections (1.2s)
✔ [25/69] Built Zetesis.BatchAccounting (1.3s)
✔ [26/69] Built Zetesis.CandidateCursor (1.5s)
✔ [27/69] Built Zetesis.ObjectiveBounds (706ms)
✔ [28/69] Built Zetesis.RuleFactorization (815ms)
✔ [29/69] Built Zetesis.PositiveArguments (996ms)
✔ [30/69] Built Zetesis.AggregateConsumers (948ms)
✔ [31/69] Built Zetesis.Iteration (908ms)
✔ [32/69] Built Zetesis.LiftedBridge (991ms)
✔ [33/69] Built Zetesis.DagSharing (1.1s)
✔ [34/69] Built Zetesis.Outcomes (951ms)
✔ [35/69] Built Zetesis.ScalarArithmetic (1.0s)
✔ [36/69] Built Zetesis.WorldMasks (982ms)
✔ [37/69] Built Zetesis.Bounds (1.0s)
✔ [38/69] Built Zetesis.Examples (794ms)
✔ [39/69] Built Zetesis.QueryCompaction (1.2s)
✔ [40/69] Built Zetesis.SignedObjectiveBounds (605ms)
✔ [41/69] Built Zetesis.NegativeHeads (453ms)
✔ [42/69] Built Zetesis.TightPlans (480ms)
✔ [43/69] Built Zetesis.GateProjection (4.3s)
✔ [44/69] Built Zetesis.JoinFrames (444ms)
✔ [45/69] Built Zetesis.Thresholds (483ms)
✔ [46/69] Built Zetesis.SingletonHeads (425ms)
✔ [47/69] Built Zetesis.IndexedCandidates (556ms)
✔ [48/69] Built Zetesis.ChoiceIntervals (669ms)
✔ [49/69] Built Zetesis.CertifiedExecution (355ms)
✔ [50/69] Built Zetesis.Propagation (925ms)
✔ [51/69] Built Zetesis.StructuralBindings (739ms)
✔ [52/69] Built Zetesis.AggregateBounds (687ms)
✔ [53/69] Built Zetesis.OuterNegativeConsumers (696ms)
✔ [54/69] Built Zetesis.OuterRanges (722ms)
✔ [55/69] Built Zetesis.GroundGuards (792ms)
✔ [56/69] Built Zetesis.UniversalConditionals (776ms)
✔ [57/69] Built Zetesis.CountHeads (792ms)
✔ [58/69] Built Zetesis.StrongNegation (923ms)
✔ [59/69] Built Zetesis.ChoiceConsumers (434ms)
✔ [60/69] Built Zetesis.FiniteBindings (557ms)
✔ [61/69] Built Zetesis.TrueHeads (573ms)
✔ [62/69] Built Zetesis.ConsequentAlternatives (552ms)
✔ [63/69] Built Zetesis.ConstructorPatterns (573ms)
✔ [64/69] Built Zetesis.CountEligibility (557ms)
✔ [65/69] Built Zetesis.ValueExtrema (805ms)
✔ [66/69] Built Zetesis.StructuredWitnesses (342ms)
✔ [67/69] Built Zetesis.NegativeEligibility (316ms)
✔ [68/69] Built Zetesis (258ms)
Build completed successfully (69 jobs).
