✔ [2/52] Built Zetesis.Core (1.2s)
✔ [3/52] Built Zetesis.ExtremumCandidates (1.2s)
✔ [4/52] Built Zetesis.AggregateAssignment (1.3s)
✔ [5/52] Built Zetesis.Transformers (511ms)
✔ [6/52] Built Zetesis.Lifted (551ms)
✔ [7/52] Built Zetesis.ClauseValidation (551ms)
✔ [8/52] Built Zetesis.Search (651ms)
✔ [9/52] Built Zetesis.Ferraris (604ms)
✔ [10/52] Built Zetesis.Semantics (727ms)
✔ [11/52] Built Zetesis.Events (719ms)
✔ [12/52] Built Zetesis.FerrarisGuards (1.0s)
✔ [13/52] Built Zetesis.Optimization (998ms)
✔ [14/52] Built Zetesis.FinitePools (988ms)
✔ [15/52] Built Zetesis.FiniteValues (1.0s)
✔ [16/52] Built Zetesis.FerrarisMask (1.0s)
✔ [17/52] Built Zetesis.Feedback (1.1s)
✔ [18/52] Built Zetesis.Iteration (573ms)
✔ [19/52] Built Zetesis.ObjectiveDirections (1.2s)
✔ [20/52] Built Zetesis.BatchAccounting (1.1s)
✔ [21/52] Built Zetesis.LiftedBridge (626ms)
✔ [22/52] Built Zetesis.Bounds (665ms)
✔ [23/52] Built Zetesis.Examples (624ms)
✔ [24/52] Built Zetesis.CandidateCursor (1.4s)
✔ [25/52] Built Zetesis.ObjectiveBounds (507ms)
✔ [26/52] Built Zetesis.RuleFactorization (556ms)
✔ [27/52] Built Zetesis.Outcomes (449ms)
✔ [28/52] Built Zetesis.ScalarArithmetic (547ms)
✔ [29/52] Built Zetesis.DagSharing (723ms)
✔ [30/52] Built Zetesis.QueryCompaction (759ms)
✔ [31/52] Built Zetesis.SignedObjectiveBounds (472ms)
✔ [32/52] Built Zetesis.NegativeHeads (462ms)
✔ [33/52] Built Zetesis.TightPlans (536ms)
✔ [34/52] Built Zetesis.Thresholds (450ms)
✔ [35/52] Built Zetesis.ChoiceIntervals (675ms)
✔ [36/52] Built Zetesis.IndexedCandidates (527ms)
✔ [37/52] Built Zetesis.SingletonHeads (349ms)
✔ [38/52] Built Zetesis.CertifiedExecution (395ms)
✔ [39/52] Built Zetesis.GateProjection (4.2s)
✔ [40/52] Built Zetesis.Propagation (967ms)
✔ [41/52] Built Zetesis.GroundGuards (603ms)
✔ [42/52] Built Zetesis.UniversalConditionals (556ms)
✔ [43/52] Built Zetesis.CountHeads (601ms)
✔ [44/52] Built Zetesis.StructuralBindings (579ms)
✔ [45/52] Built Zetesis.StrongNegation (722ms)
✔ [46/52] Built Zetesis.ConsequentAlternatives (457ms)
✔ [47/52] Built Zetesis.FiniteBindings (470ms)
✔ [48/52] Built Zetesis.TrueHeads (490ms)
✔ [49/52] Built Zetesis.ConstructorPatterns (522ms)
✔ [50/52] Built Zetesis.ValueExtrema (706ms)
✔ [51/52] Built Zetesis (264ms)
Build completed successfully (52 jobs).
