✔ [2/141] Built Zetesis.EvaluationPrefix (634ms)
✔ [3/141] Built Zetesis.Core (707ms)
✔ [4/141] Built Zetesis.DependencySchedule (709ms)
✔ [5/141] Built Zetesis.ExtremumCandidates (762ms)
✔ [6/141] Built Zetesis.SourceContributions (660ms)
✔ [7/141] Built Zetesis.FiniteTables (729ms)
✔ [8/141] Built Zetesis.StorageOwners (734ms)
✔ [9/141] Built Zetesis.WorkCharge (774ms)
✔ [10/141] Built Zetesis.WorkPermits (850ms)
✔ [11/141] Built Zetesis.AggregateAssignment (924ms)
✔ [12/141] Built Zetesis.AggregateRanges (992ms)
✔ [13/141] Built Zetesis.OptionalIndex (649ms)
✔ [14/141] Built Zetesis.ModelSelections (645ms)
✔ [15/141] Built Zetesis.BinaryWatch (739ms)
✔ [16/141] Built Zetesis.DeltaJoins (699ms)
✔ [17/141] Built Zetesis.SeedSelections (745ms)
✔ [18/141] Built Zetesis.ClauseValidation (827ms)
✔ [19/141] Built Zetesis.ColumnRelations (855ms)
✔ [20/141] Built Zetesis.Transformers (702ms)
✔ [21/141] Built Zetesis.Lifted (779ms)
✔ [22/141] Built Zetesis.TernaryWatch (892ms)
✔ [23/141] Built Zetesis.OrderedProbes (1.0s)
✔ [24/141] Built Zetesis.Ferraris (1.0s)
✔ [25/141] Built Zetesis.GatePositions (521ms)
✔ [26/141] Built Zetesis.Search (1.1s)
✔ [27/141] Built Zetesis.AtomCatalogs (562ms)
✔ [28/141] Built Zetesis.RelationExtension (576ms)
✔ [29/141] Built Zetesis.Events (712ms)
✔ [30/141] Built Zetesis.DeltaRounds (707ms)
✔ [31/141] Built Zetesis.Semantics (770ms)
✔ [32/141] Built Zetesis.LazyRounds (770ms)
✔ [33/141] Built Zetesis.RowSteps (822ms)
✔ [34/141] Built Zetesis.AggregateDependencies (770ms)
✔ [35/141] Built Zetesis.Feedback (973ms)
✔ [36/141] Built Zetesis.FerrarisMask (976ms)
✔ [37/141] Built Zetesis.Optimization (942ms)
✔ [38/141] Built Zetesis.BatchAccounting (1.1s)
✔ [39/141] Built Zetesis.FiniteValues (1.0s)
✔ [40/141] Built Zetesis.FinitePools (1.1s)
✔ [41/141] Built Zetesis.FerrarisGuards (889ms)
✔ [42/141] Built Zetesis.PositiveTheory (873ms)
✔ [43/141] Built Zetesis.ObjectiveDirections (1.3s)
✔ [44/141] Built Zetesis.FormulaRegions (764ms)
✔ [45/141] Built Zetesis.LiftedBridge (812ms)
✔ [46/141] Built Zetesis.ParametricReduct (856ms)
✔ [47/141] Built Zetesis.GateRestrictions (684ms)
✔ [48/141] Built Zetesis.Frontier (873ms)
✔ [49/141] Built Zetesis.Iteration (662ms)
✔ [50/141] Built Zetesis.Examples (715ms)
✔ [51/141] Built Zetesis.CandidateCursor (1.6s)
✔ [52/141] Built Zetesis.Bounds (750ms)
✔ [53/141] Built Zetesis.ObjectiveBounds (670ms)
✔ [54/141] Built Zetesis.WorldMasks (735ms)
✔ [55/141] Built Zetesis.PositiveArguments (666ms)
✔ [56/141] Built Zetesis.AggregateConsumers (726ms)
✔ [57/141] Built Zetesis.Outcomes (598ms)
✔ [58/141] Built Zetesis.ScalarArithmetic (674ms)
✔ [59/141] Built Zetesis.ObjectiveValues (618ms)
✔ [60/141] Built Zetesis.RuleFactorization (742ms)
✔ [61/141] Built Zetesis.ObjectiveTransport (653ms)
✔ [62/141] Built Zetesis.ConstrainedPositive (599ms)
✔ [63/141] Built Zetesis.JoinFrames (668ms)
✔ [64/141] Built Zetesis.DagSharing (1.1s)
✔ [65/141] Built Zetesis.SignedObjectiveBounds (845ms)
✔ [66/141] Built Zetesis.WorldViews (602ms)
✔ [67/141] Built Zetesis.QueryCompaction (1.3s)
✔ [68/141] Built Zetesis.ObjectivePriorities (799ms)
✔ [69/141] Built Zetesis.NormalFerraris (808ms)
✔ [70/141] Built Zetesis.NegativeHeads (746ms)
✔ [71/141] Built Zetesis.KeyedConstraints (685ms)
✔ [72/141] Built Zetesis.ObjectiveConditions (904ms)
✔ [73/141] Built Zetesis.TightPlans (908ms)
✔ [74/141] Built Zetesis.Observations (694ms)
✔ [75/141] Built Zetesis.ChoiceIntervals (1.3s)
✔ [76/141] Built Zetesis.PackedQueryLiterals (739ms)
✔ [77/141] Built Zetesis.Thresholds (821ms)
✔ [78/141] Built Zetesis.SingletonHeads (669ms)
✔ [79/141] Built Zetesis.IndexedCandidates (985ms)
✔ [80/141] Built Zetesis.BooleanHeads (933ms)
✔ [81/141] Built Zetesis.Examples.Choices (829ms)
✔ [82/141] Built Zetesis.CertifiedExecution (993ms)
✔ [83/141] Built Zetesis.ObservationBindings (855ms)
✔ [84/141] Built Zetesis.ObjectiveConditionTable (1.1s)
✔ [85/141] Built Zetesis.ProjectedAnswers (885ms)
✔ [86/141] Built Zetesis.OuterNegativeConsumers (730ms)
✔ [87/141] Built Zetesis.AggregateBounds (788ms)
✔ [88/141] Built Zetesis.DisjunctiveSupport (1.2s)
✔ [89/141] Built Zetesis.OuterRanges (933ms)
✔ [90/141] Built Zetesis.PartitionCapacities (921ms)
✔ [91/141] Built Zetesis.UniversalConditionals (858ms)
✔ [92/141] Built Zetesis.StructuralBindings (923ms)
✔ [93/141] Built Zetesis.AggregateReduct (883ms)
✔ [94/141] Built Zetesis.GroundGuards (1.1s)
✔ [95/141] Built Zetesis.CountHeads (1.1s)
✔ [96/141] Built Zetesis.ChoiceConsumers (835ms)
✔ [97/141] Built Zetesis.TightEvaluation (1.2s)
✔ [98/141] Built Zetesis.StrongNegation (1.5s)
✔ [99/141] Built Zetesis.Propagation (2.7s)
✔ [100/141] Built Zetesis.BindingScopes (876ms)
✔ [101/141] Built Zetesis.ConditionalConsumers (882ms)
✔ [102/141] Built Zetesis.TableBindings (978ms)
✔ [103/141] Built Zetesis.ConsequentAlternatives (969ms)
✔ [104/141] Built Zetesis.ConstructorPatterns (1.1s)
✔ [105/141] Built Zetesis.FormulaBounds (1.3s)
✔ [106/141] Built Zetesis.IntegerEnvelopes (1.2s)
✔ [107/141] Built Zetesis.FiniteBindings (747ms)
✔ [108/141] Built Zetesis.TrueHeads (876ms)
✔ [109/141] Built Zetesis.GateProjection (7.7s)
✔ [110/141] Built Zetesis.CountEligibility (824ms)
✔ [111/141] Built Zetesis.PartitionedScan (672ms)
✔ [112/141] Built Zetesis.AtomKeys (675ms)
✔ [113/141] Built Zetesis.ConditionalHeads (656ms)
✔ [114/141] Built Zetesis.StructuredWitnesses (664ms)
✔ [115/141] Built Zetesis.DomainBindings (632ms)
✔ [116/141] Built Zetesis.ProjectedConditionals (691ms)
✔ [117/141] Built Zetesis.FormulaChains (666ms)
✔ [118/141] Built Zetesis.DomainContraction (706ms)
✔ [119/141] Built Zetesis.ObjectiveEligibility (3.5s)
✔ [120/141] Built Zetesis.HeadMeasures (484ms)
✔ [121/141] Built Zetesis.NegativeEligibility (468ms)
✔ [122/141] Built Zetesis.ValueExtrema (1.6s)
✔ [123/141] Built Zetesis.ReductRegions (984ms)
✔ [124/141] Built Zetesis.ConditionalHeadSupport (493ms)
✔ [125/141] Built Zetesis.EvaluatedWitnesses (521ms)
✔ [126/141] Built Zetesis.SourceSupport (416ms)
✔ [127/141] Built Zetesis.OrderedBounds (431ms)
✔ [128/141] Built Zetesis.CountHeadActivity (473ms)
✔ [129/141] Built Zetesis.ExtremumPresence (401ms)
✔ [130/141] Built Zetesis.AggregateInvariants (447ms)
✔ [131/141] Built Zetesis.NormalSupport (381ms)
✔ [132/141] Built Zetesis.BooleanHeadElements (737ms)
✔ [133/141] Built Zetesis.WeightedHeadActivity (460ms)
✔ [134/141] Built Zetesis.SourceMeasures (389ms)
✔ [135/141] Built Zetesis.ProducerScheduling (375ms)
✔ [136/141] Built Zetesis.SignedHeadElements (656ms)
✔ [137/141] Built Zetesis.ExtremumHeadActivity (506ms)
✔ [138/141] Built Zetesis.OrderedHeadActivity (552ms)
✔ [139/141] Built Zetesis.HeadContributions (357ms)
✔ [140/141] Built Zetesis (261ms)
Build completed successfully (141 jobs).
