✔ [2/36] Built Zetesis.Core (413ms)
✔ [3/36] Built Zetesis.AggregateAssignment (505ms)
✔ [4/36] Built Zetesis.ExtremumCandidates (448ms)
✔ [5/36] Built Zetesis.Transformers (493ms)
✔ [6/36] Built Zetesis.Lifted (531ms)
✔ [7/36] Built Zetesis.ClauseValidation (536ms)
✔ [8/36] Built Zetesis.Search (630ms)
✔ [9/36] Built Zetesis.Ferraris (589ms)
✔ [10/36] Built Zetesis.Events (691ms)
✔ [11/36] Built Zetesis.Semantics (710ms)
✔ [12/36] Built Zetesis.FerrarisGuards (789ms)
✔ [13/36] Built Zetesis.Optimization (799ms)
✔ [14/36] Built Zetesis.FerrarisMask (845ms)
✔ [15/36] Built Zetesis.Feedback (877ms)
✔ [16/36] Built Zetesis.BatchAccounting (901ms)
✔ [17/36] Built Zetesis.Iteration (511ms)
✔ [18/36] Built Zetesis.CandidateCursor (1.1s)
✔ [19/36] Built Zetesis.ObjectiveDirections (1.1s)
✔ [20/36] Built Zetesis.LiftedBridge (535ms)
✔ [21/36] Built Zetesis.Bounds (535ms)
✔ [22/36] Built Zetesis.Examples (541ms)
✔ [23/36] Built Zetesis.RuleFactorization (553ms)
✔ [24/36] Built Zetesis.ObjectiveBounds (499ms)
✔ [25/36] Built Zetesis.QueryCompaction (692ms)
✔ [26/36] Built Zetesis.DagSharing (667ms)
✔ [27/36] Built Zetesis.SignedObjectiveBounds (437ms)
✔ [28/36] Built Zetesis.Thresholds (418ms)
✔ [29/36] Built Zetesis.ChoiceIntervals (577ms)
✔ [30/36] Built Zetesis.IndexedCandidates (478ms)
✔ [31/36] Built Zetesis.Propagation (864ms)
✔ [32/36] Built Zetesis.GroundGuards (453ms)
✔ [33/36] Built Zetesis.UniversalConditionals (417ms)
✔ [34/36] Built Zetesis.StrongNegation (568ms)
✔ [35/36] Built Zetesis (267ms)
Build completed successfully (36 jobs).
