✔ [2/33] Built Zetesis.Core (321ms)
✔ [3/33] Built Zetesis.AggregateAssignment (404ms)
✔ [4/33] Built Zetesis.ExtremumCandidates (357ms)
✔ [5/33] Built Zetesis.Transformers (437ms)
✔ [6/33] Built Zetesis.Lifted (471ms)
✔ [7/33] Built Zetesis.Ferraris (533ms)
✔ [8/33] Built Zetesis.ClauseValidation (471ms)
✔ [9/33] Built Zetesis.Search (568ms)
✔ [10/33] Built Zetesis.Semantics (535ms)
✔ [11/33] Built Zetesis.Events (544ms)
✔ [12/33] Built Zetesis.FerrarisGuards (703ms)
✔ [13/33] Built Zetesis.FerrarisMask (767ms)
✔ [14/33] Built Zetesis.Optimization (718ms)
✔ [15/33] Built Zetesis.Feedback (797ms)
✔ [16/33] Built Zetesis.BatchAccounting (830ms)
✔ [17/33] Built Zetesis.Iteration (473ms)
✔ [18/33] Built Zetesis.LiftedBridge (503ms)
✔ [19/33] Built Zetesis.Bounds (506ms)
✔ [20/33] Built Zetesis.Examples (505ms)
✔ [21/33] Built Zetesis.CandidateCursor (989ms)
✔ [22/33] Built Zetesis.ObjectiveDirections (913ms)
✔ [23/33] Built Zetesis.RuleFactorization (427ms)
✔ [24/33] Built Zetesis.ObjectiveBounds (380ms)
✔ [25/33] Built Zetesis.QueryCompaction (587ms)
✔ [26/33] Built Zetesis.DagSharing (558ms)
✔ [27/33] Built Zetesis.ChoiceIntervals (505ms)
✔ [28/33] Built Zetesis.Thresholds (377ms)
✔ [29/33] Built Zetesis.IndexedCandidates (434ms)
✔ [30/33] Built Zetesis.StrongNegation (441ms)
✔ [31/33] Built Zetesis.Propagation (784ms)
✔ [32/33] Built Zetesis (236ms)
Build completed successfully (33 jobs).
