✔ [2/34] Built Zetesis.Core (328ms)
✔ [3/34] Built Zetesis.ExtremumCandidates (368ms)
✔ [4/34] Built Zetesis.AggregateAssignment (420ms)
✔ [5/34] Built Zetesis.Transformers (452ms)
✔ [6/34] Built Zetesis.Lifted (487ms)
✔ [7/34] Built Zetesis.ClauseValidation (487ms)
✔ [8/34] Built Zetesis.Search (582ms)
✔ [9/34] Built Zetesis.Ferraris (545ms)
✔ [10/34] Built Zetesis.Semantics (556ms)
✔ [11/34] Built Zetesis.Events (544ms)
✔ [12/34] Built Zetesis.FerrarisGuards (707ms)
✔ [13/34] Built Zetesis.FerrarisMask (756ms)
✔ [14/34] Built Zetesis.Optimization (722ms)
✔ [15/34] Built Zetesis.Feedback (810ms)
✔ [16/34] Built Zetesis.ObjectiveDirections (891ms)
✔ [17/34] Built Zetesis.BatchAccounting (865ms)
✔ [18/34] Built Zetesis.Iteration (506ms)
✔ [19/34] Built Zetesis.LiftedBridge (519ms)
✔ [20/34] Built Zetesis.Bounds (517ms)
✔ [21/34] Built Zetesis.Examples (522ms)
✔ [22/34] Built Zetesis.CandidateCursor (1.0s)
✔ [23/34] Built Zetesis.RuleFactorization (488ms)
✔ [24/34] Built Zetesis.ObjectiveBounds (440ms)
✔ [25/34] Built Zetesis.QueryCompaction (653ms)
✔ [26/34] Built Zetesis.DagSharing (616ms)
✔ [27/34] Built Zetesis.ChoiceIntervals (516ms)
✔ [28/34] Built Zetesis.Thresholds (400ms)
✔ [29/34] Built Zetesis.IndexedCandidates (459ms)
✔ [30/34] Built Zetesis.GroundGuards (398ms)
✔ [31/34] Built Zetesis.StrongNegation (508ms)
✔ [32/34] Built Zetesis.Propagation (832ms)
✔ [33/34] Built Zetesis (262ms)
Build completed successfully (34 jobs).
