✔ [2/60] Built Zetesis.EvaluationPrefix (293ms)
✔ [3/60] Built Zetesis.Core (1.2s)
✔ [4/60] Built Zetesis.ExtremumCandidates (1.2s)
✔ [5/60] Built Zetesis.AggregateAssignment (1.3s)
✔ [6/60] Built Zetesis.Transformers (567ms)
✔ [7/60] Built Zetesis.Lifted (583ms)
✔ [8/60] Built Zetesis.ClauseValidation (604ms)
✔ [9/60] Built Zetesis.Search (693ms)
✔ [10/60] Built Zetesis.Ferraris (646ms)
✔ [11/60] Built Zetesis.OrderedProbes (638ms)
✔ [12/60] Built Zetesis.Semantics (934ms)
✔ [13/60] Built Zetesis.Events (934ms)
✔ [14/60] Built Zetesis.LazyRounds (869ms)
✔ [15/60] Built Zetesis.FerrarisGuards (1.0s)
✔ [16/60] Built Zetesis.FerrarisMask (1.1s)
✔ [17/60] Built Zetesis.Optimization (1.0s)
✔ [18/60] Built Zetesis.Feedback (1.1s)
✔ [19/60] Built Zetesis.FinitePools (1.1s)
✔ [20/60] Built Zetesis.BatchAccounting (1.2s)
✔ [21/60] Built Zetesis.FiniteValues (1.1s)
✔ [22/60] Built Zetesis.ObjectiveDirections (1.3s)
✔ [23/60] Built Zetesis.CandidateCursor (1.3s)
✔ [24/60] Built Zetesis.Iteration (625ms)
✔ [25/60] Built Zetesis.LiftedBridge (669ms)
✔ [26/60] Built Zetesis.Bounds (669ms)
✔ [27/60] Built Zetesis.Examples (643ms)
✔ [28/60] Built Zetesis.RuleFactorization (712ms)
✔ [29/60] Built Zetesis.ObjectiveBounds (639ms)
✔ [30/60] Built Zetesis.Outcomes (525ms)
✔ [31/60] Built Zetesis.ScalarArithmetic (686ms)
✔ [32/60] Built Zetesis.PositiveArguments (651ms)
✔ [33/60] Built Zetesis.AggregateConsumers (680ms)
✔ [34/60] Built Zetesis.QueryCompaction (917ms)
✔ [35/60] Built Zetesis.DagSharing (898ms)
✔ [36/60] Built Zetesis.SignedObjectiveBounds (476ms)
✔ [37/60] Built Zetesis.NegativeHeads (540ms)
✔ [38/60] Built Zetesis.TightPlans (540ms)
✔ [39/60] Built Zetesis.Thresholds (443ms)
✔ [40/60] Built Zetesis.ChoiceIntervals (683ms)
✔ [41/60] Built Zetesis.IndexedCandidates (515ms)
✔ [42/60] Built Zetesis.GateProjection (4.3s)
✔ [43/60] Built Zetesis.CertifiedExecution (405ms)
✔ [44/60] Built Zetesis.SingletonHeads (380ms)
✔ [45/60] Built Zetesis.Propagation (945ms)
✔ [46/60] Built Zetesis.UniversalConditionals (582ms)
✔ [47/60] Built Zetesis.StructuralBindings (582ms)
✔ [48/60] Built Zetesis.AggregateBounds (514ms)
✔ [49/60] Built Zetesis.GroundGuards (626ms)
✔ [50/60] Built Zetesis.CountHeads (628ms)
✔ [51/60] Built Zetesis.StrongNegation (731ms)
✔ [52/60] Built Zetesis.ConsequentAlternatives (513ms)
✔ [53/60] Built Zetesis.FiniteBindings (530ms)
✔ [54/60] Built Zetesis.TrueHeads (543ms)
✔ [55/60] Built Zetesis.ConstructorPatterns (560ms)
✔ [56/60] Built Zetesis.CountEligibility (526ms)
✔ [57/60] Built Zetesis.ValueExtrema (773ms)
✔ [58/60] Built Zetesis.StructuredWitnesses (308ms)
✔ [59/60] Built Zetesis (239ms)
Build completed successfully (60 jobs).
