✔ [2/81] Built Zetesis.EvaluationPrefix (386ms)
✔ [3/81] Built Zetesis.Core (1.5s)
✔ [4/81] Built Zetesis.AggregateAssignment (1.6s)
✔ [5/81] Built Zetesis.ExtremumCandidates (1.5s)
✔ [6/81] Built Zetesis.AggregateRanges (1.6s)
✔ [7/81] Built Zetesis.OptionalIndex (599ms)
✔ [8/81] Built Zetesis.Transformers (590ms)
✔ [9/81] Built Zetesis.Lifted (633ms)
✔ [10/81] Built Zetesis.Ferraris (736ms)
✔ [11/81] Built Zetesis.ClauseValidation (664ms)
✔ [12/81] Built Zetesis.OrderedProbes (753ms)
✔ [13/81] Built Zetesis.BinaryWatch (554ms)
✔ [14/81] Built Zetesis.Search (801ms)
✔ [15/81] Built Zetesis.Semantics (991ms)
✔ [16/81] Built Zetesis.Events (1.0s)
✔ [17/81] Built Zetesis.LazyRounds (1.1s)
✔ [18/81] Built Zetesis.AggregateDependencies (1.1s)
✔ [19/81] Built Zetesis.FerrarisMask (1.2s)
✔ [20/81] Built Zetesis.Optimization (1.1s)
✔ [21/81] Built Zetesis.FerrarisGuards (1.1s)
✔ [22/81] Built Zetesis.Feedback (1.3s)
✔ [23/81] Built Zetesis.BatchAccounting (1.3s)
✔ [24/81] Built Zetesis.FinitePools (1.2s)
✔ [25/81] Built Zetesis.FiniteValues (1.3s)
✔ [26/81] Built Zetesis.ObjectiveDirections (1.4s)
✔ [27/81] Built Zetesis.LiftedBridge (499ms)
✔ [28/81] Built Zetesis.Examples (483ms)
✔ [29/81] Built Zetesis.Iteration (551ms)
✔ [30/81] Built Zetesis.Bounds (559ms)
✔ [31/81] Built Zetesis.CandidateCursor (1.6s)
✔ [32/81] Built Zetesis.ObjectiveBounds (690ms)
✔ [33/81] Built Zetesis.WorldMasks (692ms)
✔ [34/81] Built Zetesis.RuleFactorization (784ms)
✔ [35/81] Built Zetesis.Outcomes (590ms)
✔ [36/81] Built Zetesis.ScalarArithmetic (677ms)
✔ [37/81] Built Zetesis.PositiveArguments (732ms)
✔ [38/81] Built Zetesis.AggregateConsumers (749ms)
✔ [39/81] Built Zetesis.ObjectiveTransport (467ms)
✔ [40/81] Built Zetesis.ObjectiveValues (582ms)
✔ [41/81] Built Zetesis.QueryCompaction (974ms)
✔ [42/81] Built Zetesis.DagSharing (986ms)
✔ [43/81] Built Zetesis.SignedObjectiveBounds (437ms)
✔ [44/81] Built Zetesis.GateProjection (4.5s)
✔ [45/81] Built Zetesis.JoinFrames (400ms)
✔ [46/81] Built Zetesis.NegativeHeads (460ms)
✔ [47/81] Built Zetesis.TightPlans (510ms)
✔ [48/81] Built Zetesis.Thresholds (456ms)
✔ [49/81] Built Zetesis.IndexedCandidates (525ms)
✔ [50/81] Built Zetesis.ChoiceIntervals (655ms)
✔ [51/81] Built Zetesis.SingletonHeads (408ms)
✔ [52/81] Built Zetesis.CertifiedExecution (513ms)
✔ [53/81] Built Zetesis.BooleanHeads (486ms)
✔ [54/81] Built Zetesis.Propagation (934ms)
✔ [55/81] Built Zetesis.StructuralBindings (1.0s)
✔ [56/81] Built Zetesis.AggregateBounds (950ms)
✔ [57/81] Built Zetesis.OuterNegativeConsumers (951ms)
✔ [58/81] Built Zetesis.OuterRanges (985ms)
✔ [59/81] Built Zetesis.AggregateReduct (985ms)
✔ [60/81] Built Zetesis.PartitionCapacities (999ms)
✔ [61/81] Built Zetesis.GroundGuards (1.1s)
✔ [62/81] Built Zetesis.UniversalConditionals (1.0s)
✔ [63/81] Built Zetesis.CountHeads (1.1s)
✔ [64/81] Built Zetesis.StrongNegation (1.2s)
✔ [65/81] Built Zetesis.TightEvaluation (810ms)
✔ [66/81] Built Zetesis.ChoiceConsumers (468ms)
✔ [67/81] Built Zetesis.ConsequentAlternatives (630ms)
✔ [68/81] Built Zetesis.ConditionalConsumers (589ms)
✔ [69/81] Built Zetesis.FiniteBindings (639ms)
✔ [70/81] Built Zetesis.TrueHeads (669ms)
✔ [71/81] Built Zetesis.ConstructorPatterns (684ms)
✔ [72/81] Built Zetesis.CountEligibility (639ms)
✔ [73/81] Built Zetesis.ValueExtrema (890ms)
✔ [74/81] Built Zetesis.StructuredWitnesses (355ms)
✔ [75/81] Built Zetesis.NegativeEligibility (342ms)
✔ [76/81] Built Zetesis.HeadMeasures (342ms)
✔ [77/81] Built Zetesis.ExtremumPresence (309ms)
✔ [78/81] Built Zetesis.CountHeadActivity (348ms)
✔ [79/81] Built Zetesis.EvaluatedWitnesses (361ms)
✔ [80/81] Built Zetesis (251ms)
Build completed successfully (81 jobs).
