✔ [2/37] Built Zetesis.Core (336ms)
✔ [3/37] Built Zetesis.AggregateAssignment (395ms)
✔ [4/37] Built Zetesis.ExtremumCandidates (353ms)
✔ [5/37] Built Zetesis.Transformers (431ms)
✔ [6/37] Built Zetesis.Lifted (466ms)
✔ [7/37] Built Zetesis.Ferraris (526ms)
✔ [8/37] Built Zetesis.ClauseValidation (473ms)
✔ [9/37] Built Zetesis.Search (564ms)
✔ [10/37] Built Zetesis.Semantics (499ms)
✔ [11/37] Built Zetesis.Events (486ms)
✔ [12/37] Built Zetesis.FerrarisGuards (695ms)
✔ [13/37] Built Zetesis.Optimization (729ms)
✔ [14/37] Built Zetesis.FerrarisMask (763ms)
✔ [15/37] Built Zetesis.Feedback (829ms)
✔ [16/37] Built Zetesis.BatchAccounting (848ms)
✔ [17/37] Built Zetesis.Iteration (505ms)
✔ [18/37] Built Zetesis.LiftedBridge (543ms)
✔ [19/37] Built Zetesis.Bounds (525ms)
✔ [20/37] Built Zetesis.Examples (525ms)
✔ [21/37] Built Zetesis.ObjectiveDirections (919ms)
✔ [22/37] Built Zetesis.CandidateCursor (987ms)
✔ [23/37] Built Zetesis.RuleFactorization (391ms)
✔ [24/37] Built Zetesis.ObjectiveBounds (375ms)
✔ [25/37] Built Zetesis.QueryCompaction (599ms)
✔ [26/37] Built Zetesis.DagSharing (565ms)
✔ [27/37] Built Zetesis.SignedObjectiveBounds (387ms)
✔ [28/37] Built Zetesis.ChoiceIntervals (542ms)
✔ [29/37] Built Zetesis.Thresholds (384ms)
✔ [30/37] Built Zetesis.IndexedCandidates (442ms)
✔ [31/37] Built Zetesis.GroundGuards (411ms)
✔ [32/37] Built Zetesis.UniversalConditionals (381ms)
✔ [33/37] Built Zetesis.StrongNegation (525ms)
✔ [34/37] Built Zetesis.Propagation (816ms)
✔ [35/37] Built Zetesis.FiniteBindings (272ms)
✔ [36/37] Built Zetesis (217ms)
Build completed successfully (37 jobs).
