✔ [2/75] Built Zetesis.EvaluationPrefix (333ms)
✔ [3/75] Built Zetesis.Core (481ms)
✔ [4/75] Built Zetesis.AggregateAssignment (594ms)
✔ [5/75] Built Zetesis.ExtremumCandidates (515ms)
✔ [6/75] Built Zetesis.AggregateRanges (603ms)
✔ [7/75] Built Zetesis.Transformers (691ms)
✔ [8/75] Built Zetesis.Lifted (744ms)
✔ [9/75] Built Zetesis.ClauseValidation (756ms)
✔ [10/75] Built Zetesis.OptionalIndex (683ms)
✔ [11/75] Built Zetesis.BinaryWatch (664ms)
✔ [12/75] Built Zetesis.Ferraris (814ms)
✔ [13/75] Built Zetesis.OrderedProbes (844ms)
✔ [14/75] Built Zetesis.Search (867ms)
✔ [15/75] Built Zetesis.Semantics (672ms)
✔ [16/75] Built Zetesis.Events (636ms)
✔ [17/75] Built Zetesis.LazyRounds (811ms)
✔ [18/75] Built Zetesis.FerrarisGuards (1.0s)
✔ [19/75] Built Zetesis.AggregateDependencies (1.0s)
✔ [20/75] Built Zetesis.FerrarisMask (1.2s)
✔ [21/75] Built Zetesis.Optimization (1.2s)
✔ [22/75] Built Zetesis.Feedback (1.1s)
✔ [23/75] Built Zetesis.FinitePools (1.1s)
✔ [24/75] Built Zetesis.BatchAccounting (1.2s)
✔ [25/75] Built Zetesis.FiniteValues (1.2s)
✔ [26/75] Built Zetesis.Iteration (579ms)
✔ [27/75] Built Zetesis.LiftedBridge (776ms)
✔ [28/75] Built Zetesis.Examples (782ms)
✔ [29/75] Built Zetesis.ObjectiveDirections (1.3s)
✔ [30/75] Built Zetesis.CandidateCursor (1.5s)
✔ [31/75] Built Zetesis.Bounds (523ms)
✔ [32/75] Built Zetesis.WorldMasks (467ms)
✔ [33/75] Built Zetesis.RuleFactorization (605ms)
✔ [34/75] Built Zetesis.ObjectiveBounds (647ms)
✔ [35/75] Built Zetesis.Outcomes (588ms)
✔ [36/75] Built Zetesis.PositiveArguments (666ms)
✔ [37/75] Built Zetesis.AggregateConsumers (701ms)
✔ [38/75] Built Zetesis.ScalarArithmetic (641ms)
✔ [39/75] Built Zetesis.QueryCompaction (975ms)
✔ [40/75] Built Zetesis.DagSharing (910ms)
✔ [41/75] Built Zetesis.JoinFrames (520ms)
✔ [42/75] Built Zetesis.NegativeHeads (485ms)
✔ [43/75] Built Zetesis.SignedObjectiveBounds (488ms)
✔ [44/75] Built Zetesis.TightPlans (588ms)
✔ [45/75] Built Zetesis.ChoiceIntervals (755ms)
✔ [46/75] Built Zetesis.GateProjection (3.9s)
✔ [47/75] Built Zetesis.Thresholds (574ms)
✔ [48/75] Built Zetesis.SingletonHeads (602ms)
✔ [49/75] Built Zetesis.IndexedCandidates (766ms)
✔ [50/75] Built Zetesis.CertifiedExecution (673ms)
✔ [51/75] Built Zetesis.Propagation (1.3s)
✔ [52/75] Built Zetesis.GroundGuards (942ms)
✔ [53/75] Built Zetesis.StructuralBindings (928ms)
✔ [54/75] Built Zetesis.AggregateBounds (867ms)
✔ [55/75] Built Zetesis.OuterRanges (845ms)
✔ [56/75] Built Zetesis.AggregateReduct (902ms)
✔ [57/75] Built Zetesis.PartitionCapacities (897ms)
✔ [58/75] Built Zetesis.UniversalConditionals (953ms)
✔ [59/75] Built Zetesis.CountHeads (1.0s)
✔ [60/75] Built Zetesis.OuterNegativeConsumers (730ms)
✔ [61/75] Built Zetesis.StrongNegation (1.1s)
✔ [62/75] Built Zetesis.TightEvaluation (649ms)
✔ [63/75] Built Zetesis.ChoiceConsumers (531ms)
✔ [64/75] Built Zetesis.FiniteBindings (665ms)
✔ [65/75] Built Zetesis.TrueHeads (702ms)
✔ [66/75] Built Zetesis.ConsequentAlternatives (667ms)
✔ [67/75] Built Zetesis.ConstructorPatterns (725ms)
✔ [68/75] Built Zetesis.CountEligibility (610ms)
✔ [69/75] Built Zetesis.ConditionalConsumers (619ms)
✔ [70/75] Built Zetesis.ValueExtrema (924ms)
✔ [71/75] Built Zetesis.StructuredWitnesses (369ms)
✔ [72/75] Built Zetesis.NegativeEligibility (355ms)
✔ [73/75] Built Zetesis.HeadMeasures (359ms)
✔ [74/75] Built Zetesis (280ms)
Build completed successfully (75 jobs).
