✔ [2/77] Built Zetesis.EvaluationPrefix (389ms)
✔ [3/77] Built Zetesis.Core (1.3s)
✔ [4/77] Built Zetesis.AggregateAssignment (1.5s)
✔ [5/77] Built Zetesis.ExtremumCandidates (1.4s)
✔ [6/77] Built Zetesis.AggregateRanges (1.5s)
✔ [7/77] Built Zetesis.BinaryWatch (662ms)
✔ [8/77] Built Zetesis.Transformers (666ms)
✔ [9/77] Built Zetesis.ClauseValidation (762ms)
✔ [10/77] Built Zetesis.OptionalIndex (692ms)
✔ [11/77] Built Zetesis.Lifted (794ms)
✔ [12/77] Built Zetesis.Ferraris (830ms)
✔ [13/77] Built Zetesis.OrderedProbes (816ms)
✔ [14/77] Built Zetesis.Search (847ms)
✔ [15/77] Built Zetesis.Semantics (1.2s)
✔ [16/77] Built Zetesis.Events (1.2s)
✔ [17/77] Built Zetesis.FerrarisGuards (1.2s)
✔ [18/77] Built Zetesis.Optimization (1.3s)
✔ [19/77] Built Zetesis.FerrarisMask (1.4s)
✔ [20/77] Built Zetesis.Feedback (1.4s)
✔ [21/77] Built Zetesis.BatchAccounting (1.5s)
✔ [22/77] Built Zetesis.FinitePools (1.4s)
✔ [23/77] Built Zetesis.AggregateDependencies (1.4s)
✔ [24/77] Built Zetesis.FiniteValues (1.6s)
✔ [25/77] Built Zetesis.LazyRounds (1.4s)
✔ [26/77] Built Zetesis.ObjectiveDirections (1.7s)
✔ [27/77] Built Zetesis.CandidateCursor (1.8s)
✔ [28/77] Built Zetesis.LiftedBridge (759ms)
✔ [29/77] Built Zetesis.Bounds (801ms)
✔ [30/77] Built Zetesis.Examples (746ms)
✔ [31/77] Built Zetesis.Iteration (852ms)
✔ [32/77] Built Zetesis.RuleFactorization (923ms)
✔ [33/77] Built Zetesis.ObjectiveBounds (905ms)
✔ [34/77] Built Zetesis.Outcomes (896ms)
✔ [35/77] Built Zetesis.WorldMasks (861ms)
✔ [36/77] Built Zetesis.PositiveArguments (796ms)
✔ [37/77] Built Zetesis.AggregateConsumers (891ms)
✔ [38/77] Built Zetesis.ObjectiveTransport (563ms)
✔ [39/77] Built Zetesis.QueryCompaction (1.3s)
✔ [40/77] Built Zetesis.DagSharing (1.2s)
✔ [41/77] Built Zetesis.ScalarArithmetic (786ms)
✔ [42/77] Built Zetesis.SignedObjectiveBounds (699ms)
✔ [43/77] Built Zetesis.NegativeHeads (642ms)
✔ [44/77] Built Zetesis.JoinFrames (562ms)
✔ [45/77] Built Zetesis.TightPlans (755ms)
✔ [46/77] Built Zetesis.Thresholds (506ms)
✔ [47/77] Built Zetesis.ChoiceIntervals (909ms)
✔ [48/77] Built Zetesis.IndexedCandidates (620ms)
✔ [49/77] Built Zetesis.GateProjection (5.5s)
✔ [50/77] Built Zetesis.SingletonHeads (458ms)
✔ [51/77] Built Zetesis.CertifiedExecution (555ms)
✔ [52/77] Built Zetesis.Propagation (1.1s)
✔ [53/77] Built Zetesis.AggregateBounds (916ms)
✔ [54/77] Built Zetesis.PartitionCapacities (939ms)
✔ [55/77] Built Zetesis.UniversalConditionals (1.1s)
✔ [56/77] Built Zetesis.OuterNegativeConsumers (978ms)
✔ [57/77] Built Zetesis.OuterRanges (1.0s)
✔ [58/77] Built Zetesis.GroundGuards (1.1s)
✔ [59/77] Built Zetesis.CountHeads (1.1s)
✔ [60/77] Built Zetesis.StructuralBindings (1.1s)
✔ [61/77] Built Zetesis.AggregateReduct (1.1s)
✔ [62/77] Built Zetesis.StrongNegation (1.2s)
✔ [63/77] Built Zetesis.TightEvaluation (828ms)
✔ [64/77] Built Zetesis.ChoiceConsumers (419ms)
✔ [65/77] Built Zetesis.CountEligibility (617ms)
✔ [66/77] Built Zetesis.ConditionalConsumers (620ms)
✔ [67/77] Built Zetesis.FiniteBindings (638ms)
✔ [68/77] Built Zetesis.TrueHeads (665ms)
✔ [69/77] Built Zetesis.ConsequentAlternatives (659ms)
✔ [70/77] Built Zetesis.ConstructorPatterns (704ms)
✔ [71/77] Built Zetesis.ValueExtrema (916ms)
✔ [72/77] Built Zetesis.NegativeEligibility (434ms)
✔ [73/77] Built Zetesis.HeadMeasures (434ms)
✔ [74/77] Built Zetesis.StructuredWitnesses (444ms)
✔ [75/77] Built Zetesis.CountHeadActivity (355ms)
✔ [76/77] Built Zetesis (323ms)
Build completed successfully (77 jobs).
