✔ [2/64] Built Zetesis.Core (409ms)
✔ [3/64] Built Zetesis.EvaluationPrefix (329ms)
✔ [4/64] Built Zetesis.AggregateAssignment (516ms)
✔ [5/64] Built Zetesis.ExtremumCandidates (441ms)
✔ [6/64] Built Zetesis.Transformers (585ms)
✔ [7/64] Built Zetesis.Lifted (642ms)
✔ [8/64] Built Zetesis.OptionalIndex (577ms)
✔ [9/64] Built Zetesis.Search (737ms)
✔ [10/64] Built Zetesis.Ferraris (715ms)
✔ [11/64] Built Zetesis.ClauseValidation (660ms)
✔ [12/64] Built Zetesis.OrderedProbes (691ms)
✔ [13/64] Built Zetesis.Semantics (624ms)
✔ [14/64] Built Zetesis.Events (609ms)
✔ [15/64] Built Zetesis.LazyRounds (788ms)
✔ [16/64] Built Zetesis.FerrarisGuards (1.0s)
✔ [17/64] Built Zetesis.FerrarisMask (1.1s)
✔ [18/64] Built Zetesis.Optimization (1.1s)
✔ [19/64] Built Zetesis.FinitePools (1.1s)
✔ [20/64] Built Zetesis.LiftedBridge (704ms)
✔ [21/64] Built Zetesis.Examples (690ms)
✔ [22/64] Built Zetesis.Feedback (1.2s)
✔ [23/64] Built Zetesis.BatchAccounting (1.1s)
✔ [24/64] Built Zetesis.FiniteValues (1.2s)
✔ [25/64] Built Zetesis.Iteration (531ms)
✔ [26/64] Built Zetesis.Bounds (719ms)
✔ [27/64] Built Zetesis.CandidateCursor (1.3s)
✔ [28/64] Built Zetesis.ObjectiveDirections (1.3s)
✔ [29/64] Built Zetesis.WorldMasks (490ms)
✔ [30/64] Built Zetesis.RuleFactorization (650ms)
✔ [31/64] Built Zetesis.ObjectiveBounds (595ms)
✔ [32/64] Built Zetesis.Outcomes (592ms)
✔ [33/64] Built Zetesis.DagSharing (805ms)
✔ [34/64] Built Zetesis.ScalarArithmetic (608ms)
✔ [35/64] Built Zetesis.PositiveArguments (602ms)
✔ [36/64] Built Zetesis.AggregateConsumers (624ms)
✔ [37/64] Built Zetesis.QueryCompaction (844ms)
✔ [38/64] Built Zetesis.NegativeHeads (466ms)
✔ [39/64] Built Zetesis.SignedObjectiveBounds (500ms)
✔ [40/64] Built Zetesis.TightPlans (517ms)
✔ [41/64] Built Zetesis.GateProjection (3.4s)
✔ [42/64] Built Zetesis.Thresholds (412ms)
✔ [43/64] Built Zetesis.IndexedCandidates (478ms)
✔ [44/64] Built Zetesis.ChoiceIntervals (661ms)
✔ [45/64] Built Zetesis.SingletonHeads (337ms)
✔ [46/64] Built Zetesis.CertifiedExecution (371ms)
✔ [47/64] Built Zetesis.Propagation (834ms)
✔ [48/64] Built Zetesis.GroundGuards (584ms)
✔ [49/64] Built Zetesis.UniversalConditionals (542ms)
✔ [50/64] Built Zetesis.CountHeads (579ms)
✔ [51/64] Built Zetesis.StructuralBindings (556ms)
✔ [52/64] Built Zetesis.AggregateBounds (495ms)
✔ [53/64] Built Zetesis.StrongNegation (700ms)
✔ [54/64] Built Zetesis.ChoiceConsumers (389ms)
✔ [55/64] Built Zetesis.ConsequentAlternatives (490ms)
✔ [56/64] Built Zetesis.FiniteBindings (500ms)
✔ [57/64] Built Zetesis.TrueHeads (524ms)
✔ [58/64] Built Zetesis.ConstructorPatterns (553ms)
✔ [59/64] Built Zetesis.CountEligibility (506ms)
✔ [60/64] Built Zetesis.ValueExtrema (747ms)
✔ [61/64] Built Zetesis.StructuredWitnesses (324ms)
✔ [62/64] Built Zetesis.NegativeEligibility (282ms)
✔ [63/64] Built Zetesis (243ms)
Build completed successfully (64 jobs).
